Archive member included to satisfy reference by file (symbol)

d:/st/stm32cubeide_1.12.0/stm32cubeide/plugins/com.st.stm32cube.ide.mcu.externaltools.gnu-tools-for-stm32.10.3-2021.10.win32_1.0.200.202301161003/tools/bin/../lib/gcc/arm-none-eabi/10.3.1/../../../../arm-none-eabi/lib/thumb/v7-m/nofp\libc_nano.a(lib_a-errno.o)
                              ./Core/Src/syscalls.o (__errno)
d:/st/stm32cubeide_1.12.0/stm32cubeide/plugins/com.st.stm32cube.ide.mcu.externaltools.gnu-tools-for-stm32.10.3-2021.10.win32_1.0.200.202301161003/tools/bin/../lib/gcc/arm-none-eabi/10.3.1/../../../../arm-none-eabi/lib/thumb/v7-m/nofp\libc_nano.a(lib_a-exit.o)
                              d:/st/stm32cubeide_1.12.0/stm32cubeide/plugins/com.st.stm32cube.ide.mcu.externaltools.gnu-tools-for-stm32.10.3-2021.10.win32_1.0.200.202301161003/tools/bin/../lib/gcc/arm-none-eabi/10.3.1/../../../../arm-none-eabi/lib/thumb/v7-m/nofp/crt0.o (exit)
d:/st/stm32cubeide_1.12.0/stm32cubeide/plugins/com.st.stm32cube.ide.mcu.externaltools.gnu-tools-for-stm32.10.3-2021.10.win32_1.0.200.202301161003/tools/bin/../lib/gcc/arm-none-eabi/10.3.1/../../../../arm-none-eabi/lib/thumb/v7-m/nofp\libc_nano.a(lib_a-fclose.o)
                              ./Core/Src/main.o (fclose)
d:/st/stm32cubeide_1.12.0/stm32cubeide/plugins/com.st.stm32cube.ide.mcu.externaltools.gnu-tools-for-stm32.10.3-2021.10.win32_1.0.200.202301161003/tools/bin/../lib/gcc/arm-none-eabi/10.3.1/../../../../arm-none-eabi/lib/thumb/v7-m/nofp\libc_nano.a(lib_a-fflush.o)
                              d:/st/stm32cubeide_1.12.0/stm32cubeide/plugins/com.st.stm32cube.ide.mcu.externaltools.gnu-tools-for-stm32.10.3-2021.10.win32_1.0.200.202301161003/tools/bin/../lib/gcc/arm-none-eabi/10.3.1/../../../../arm-none-eabi/lib/thumb/v7-m/nofp\libc_nano.a(lib_a-fclose.o) (__sflush_r)
d:/st/stm32cubeide_1.12.0/stm32cubeide/plugins/com.st.stm32cube.ide.mcu.externaltools.gnu-tools-for-stm32.10.3-2021.10.win32_1.0.200.202301161003/tools/bin/../lib/gcc/arm-none-eabi/10.3.1/../../../../arm-none-eabi/lib/thumb/v7-m/nofp\libc_nano.a(lib_a-findfp.o)
                              d:/st/stm32cubeide_1.12.0/stm32cubeide/plugins/com.st.stm32cube.ide.mcu.externaltools.gnu-tools-for-stm32.10.3-2021.10.win32_1.0.200.202301161003/tools/bin/../lib/gcc/arm-none-eabi/10.3.1/../../../../arm-none-eabi/lib/thumb/v7-m/nofp\libc_nano.a(lib_a-fclose.o) (__sfp_lock_acquire)
d:/st/stm32cubeide_1.12.0/stm32cubeide/plugins/com.st.stm32cube.ide.mcu.externaltools.gnu-tools-for-stm32.10.3-2021.10.win32_1.0.200.202301161003/tools/bin/../lib/gcc/arm-none-eabi/10.3.1/../../../../arm-none-eabi/lib/thumb/v7-m/nofp\libc_nano.a(lib_a-fopen.o)
                              ./Core/Src/main.o (fopen)
d:/st/stm32cubeide_1.12.0/stm32cubeide/plugins/com.st.stm32cube.ide.mcu.externaltools.gnu-tools-for-stm32.10.3-2021.10.win32_1.0.200.202301161003/tools/bin/../lib/gcc/arm-none-eabi/10.3.1/../../../../arm-none-eabi/lib/thumb/v7-m/nofp\libc_nano.a(lib_a-fread.o)
                              ./Core/Src/main.o (fread)
d:/st/stm32cubeide_1.12.0/stm32cubeide/plugins/com.st.stm32cube.ide.mcu.externaltools.gnu-tools-for-stm32.10.3-2021.10.win32_1.0.200.202301161003/tools/bin/../lib/gcc/arm-none-eabi/10.3.1/../../../../arm-none-eabi/lib/thumb/v7-m/nofp\libc_nano.a(lib_a-fseek.o)
                              d:/st/stm32cubeide_1.12.0/stm32cubeide/plugins/com.st.stm32cube.ide.mcu.externaltools.gnu-tools-for-stm32.10.3-2021.10.win32_1.0.200.202301161003/tools/bin/../lib/gcc/arm-none-eabi/10.3.1/../../../../arm-none-eabi/lib/thumb/v7-m/nofp\libc_nano.a(lib_a-fopen.o) (_fseek_r)
d:/st/stm32cubeide_1.12.0/stm32cubeide/plugins/com.st.stm32cube.ide.mcu.externaltools.gnu-tools-for-stm32.10.3-2021.10.win32_1.0.200.202301161003/tools/bin/../lib/gcc/arm-none-eabi/10.3.1/../../../../arm-none-eabi/lib/thumb/v7-m/nofp\libc_nano.a(lib_a-fseeko.o)
                              d:/st/stm32cubeide_1.12.0/stm32cubeide/plugins/com.st.stm32cube.ide.mcu.externaltools.gnu-tools-for-stm32.10.3-2021.10.win32_1.0.200.202301161003/tools/bin/../lib/gcc/arm-none-eabi/10.3.1/../../../../arm-none-eabi/lib/thumb/v7-m/nofp\libc_nano.a(lib_a-fseek.o) (_fseeko_r)
d:/st/stm32cubeide_1.12.0/stm32cubeide/plugins/com.st.stm32cube.ide.mcu.externaltools.gnu-tools-for-stm32.10.3-2021.10.win32_1.0.200.202301161003/tools/bin/../lib/gcc/arm-none-eabi/10.3.1/../../../../arm-none-eabi/lib/thumb/v7-m/nofp\libc_nano.a(lib_a-ftell.o)
                              ./Core/Src/main.o (ftell)
d:/st/stm32cubeide_1.12.0/stm32cubeide/plugins/com.st.stm32cube.ide.mcu.externaltools.gnu-tools-for-stm32.10.3-2021.10.win32_1.0.200.202301161003/tools/bin/../lib/gcc/arm-none-eabi/10.3.1/../../../../arm-none-eabi/lib/thumb/v7-m/nofp\libc_nano.a(lib_a-ftello.o)
[...]
Memory Configuration

Name             Origin             Length             Attributes
RAM              0x0000000020000000 0x0000000000005000 xrw
FLASH            0x0000000008000000 0x0000000000010000 xr
*default*        0x0000000000000000 0xffffffffffffffff

Linker script and memory map

LOAD d:/st/stm32cubeide_1.12.0/stm32cubeide/plugins/com.st.stm32cube.ide.mcu.externaltools.gnu-tools-for-stm32.10.3-2021.10.win32_1.0.200.202301161003/tools/bin/../lib/gcc/arm-none-eabi/10.3.1/thumb/v7-m/nofp/crti.o
LOAD d:/st/stm32cubeide_1.12.0/stm32cubeide/plugins/com.st.stm32cube.ide.mcu.externaltools.gnu-tools-for-stm32.10.3-2021.10.win32_1.0.200.202301161003/tools/bin/../lib/gcc/arm-none-eabi/10.3.1/thumb/v7-m/nofp/crtbegin.o
LOAD d:/st/stm32cubeide_1.12.0/stm32cubeide/plugins/com.st.stm32cube.ide.mcu.externaltools.gnu-tools-for-stm32.10.3-2021.10.win32_1.0.200.202301161003/tools/bin/../lib/gcc/arm-none-eabi/10.3.1/../../../../arm-none-eabi/lib/thumb/v7-m/nofp/crt0.o
LOAD ./Core/Src/main.o
LOAD ./Core/Src/protocol.o
LOAD ./Core/Src/sd.o
LOAD ./Core/Src/stm32f1xx_hal_msp.o
LOAD ./Core/Src/stm32f1xx_it.o
LOAD ./Core/Src/syscalls.o
LOAD ./Core/Src/sysmem.o
LOAD ./Core/Src/system_stm32f1xx.o
LOAD ./Core/Startup/startup_stm32f103c8tx.o
LOAD ./Drivers/STM32F1xx_HAL_Driver/Src/stm32f1xx_hal.o
LOAD ./Drivers/STM32F1xx_HAL_Driver/Src/stm32f1xx_hal_cortex.o
LOAD ./Drivers/STM32F1xx_HAL_Driver/Src/stm32f1xx_hal_dma.o
LOAD ./Drivers/STM32F1xx_HAL_Driver/Src/stm32f1xx_hal_exti.o
LOAD ./Drivers/STM32F1xx_HAL_Driver/Src/stm32f1xx_hal_flash.o
LOAD ./Drivers/STM32F1xx_HAL_Driver/Src/stm32f1xx_hal_flash_ex.o
LOAD ./Drivers/STM32F1xx_HAL_Driver/Src/stm32f1xx_hal_gpio.o
LOAD ./Drivers/STM32F1xx_HAL_Driver/Src/stm32f1xx_hal_gpio_ex.o
LOAD ./Drivers/STM32F1xx_HAL_Driver/Src/stm32f1xx_hal_pwr.o
LOAD ./Drivers/STM32F1xx_HAL_Driver/Src/stm32f1xx_hal_rcc.o
LOAD ./Drivers/STM32F1xx_HAL_Driver/Src/stm32f1xx_hal_rcc_ex.o
LOAD ./Drivers/STM32F1xx_HAL_Driver/Src/stm32f1xx_hal_rtc.o
LOAD ./Drivers/STM32F1xx_HAL_Driver/Src/stm32f1xx_hal_rtc_ex.o
LOAD ./Drivers/STM32F1xx_HAL_Driver/Src/stm32f1xx_hal_spi.o
LOAD ./Drivers/STM32F1xx_HAL_Driver/Src/stm32f1xx_hal_tim.o
LOAD ./Drivers/STM32F1xx_HAL_Driver/Src/stm32f1xx_hal_tim_ex.o
LOAD ./Drivers/STM32F1xx_HAL_Driver/Src/stm32f1xx_hal_uart.o
LOAD ./FATFS/App/fatfs.o
LOAD ./FATFS/Target/user_diskio.o
LOAD ./Middlewares/Third_Party/FatFs/src/diskio.o
LOAD ./Middlewares/Third_Party/FatFs/src/ff.o
LOAD ./Middlewares/Third_Party/FatFs/src/ff_gen_drv.o
LOAD ./Middlewares/Third_Party/FatFs/src/option/ccsbcs.o
LOAD ./Middlewares/Third_Party/FatFs/src/option/syscall.o
START GROUP
LOAD d:/st/stm32cubeide_1.12.0/stm32cubeide/plugins/com.st.stm32cube.ide.mcu.externaltools.gnu-tools-for-stm32.10.3-2021.10.win32_1.0.200.202301161003/tools/bin/../lib/gcc/arm-none-eabi/10.3.1/../../../../arm-none-eabi/lib/thumb/v7-m/nofp\libc_nano.a
LOAD d:/st/stm32cubeide_1.12.0/stm32cubeide/plugins/com.st.stm32cube.ide.mcu.externaltools.gnu-tools-for-stm32.10.3-2021.10.win32_1.0.200.202301161003/tools/bin/../lib/gcc/arm-none-eabi/10.3.1/../../../../arm-none-eabi/lib/thumb/v7-m/nofp\libm.a
END GROUP
START GROUP
LOAD d:/st/stm32cubeide_1.12.0/stm32cubeide/plugins/com.st.stm32cube.ide.mcu.externaltools.gnu-tools-for-stm32.10.3-2021.10.win32_1.0.200.202301161003/tools/bin/../lib/gcc/arm-none-eabi/10.3.1/thumb/v7-m/nofp\libgcc.a
LOAD d:/st/stm32cubeide_1.12.0/stm32cubeide/plugins/com.st.stm32cube.ide.mcu.externaltools.gnu-tools-for-stm32.10.3-2021.10.win32_1.0.200.202301161003/tools/bin/../lib/gcc/arm-none-eabi/10.3.1/../../../../arm-none-eabi/lib/thumb/v7-m/nofp\libc_nano.a
END GROUP
START GROUP
LOAD d:/st/stm32cubeide_1.12.0/stm32cubeide/plugins/com.st.stm32cube.ide.mcu.externaltools.gnu-tools-for-stm32.10.3-2021.10.win32_1.0.200.202301161003/tools/bin/../lib/gcc/arm-none-eabi/10.3.1/thumb/v7-m/nofp\libgcc.a
LOAD d:/st/stm32cubeide_1.12.0/stm32cubeide/plugins/com.st.stm32cube.ide.mcu.externaltools.gnu-tools-for-stm32.10.3-2021.10.win32_1.0.200.202301161003/tools/bin/../lib/gcc/arm-none-eabi/10.3.1/../../../../arm-none-eabi/lib/thumb/v7-m/nofp\libc_nano.a
LOAD d:/st/stm32cubeide_1.12.0/stm32cubeide/plugins/com.st.stm32cube.ide.mcu.externaltools.gnu-tools-for-stm32.10.3-2021.10.win32_1.0.200.202301161003/tools/bin/../lib/gcc/arm-none-eabi/10.3.1/../../../../arm-none-eabi/lib/thumb/v7-m/nofp\libnosys.a
END GROUP
START GROUP
LOAD d:/st/stm32cubeide_1.12.0/stm32cubeide/plugins/com.st.stm32cube.ide.mcu.externaltools.gnu-tools-for-stm32.10.3-2021.10.win32_1.0.200.202301161003/tools/bin/../lib/gcc/arm-none-eabi/10.3.1/thumb/v7-m/nofp\libgcc.a
LOAD d:/st/stm32cubeide_1.12.0/stm32cubeide/plugins/com.st.stm32cube.ide.mcu.externaltools.gnu-tools-for-stm32.10.3-2021.10.win32_1.0.200.202301161003/tools/bin/../lib/gcc/arm-none-eabi/10.3.1/../../../../arm-none-eabi/lib/thumb/v7-m/nofp\libc_nano.a
LOAD d:/st/stm32cubeide_1.12.0/stm32cubeide/plugins/com.st.stm32cube.ide.mcu.externaltools.gnu-tools-for-stm32.10.3-2021.10.win32_1.0.200.202301161003/tools/bin/../lib/gcc/arm-none-eabi/10.3.1/../../../../arm-none-eabi/lib/thumb/v7-m/nofp\libnosys.a
END GROUP
LOAD d:/st/stm32cubeide_1.12.0/stm32cubeide/plugins/com.st.stm32cube.ide.mcu.externaltools.gnu-tools-for-stm32.10.3-2021.10.win32_1.0.200.202301161003/tools/bin/../lib/gcc/arm-none-eabi/10.3.1/thumb/v7-m/nofp/crtend.o
LOAD d:/st/stm32cubeide_1.12.0/stm32cubeide/plugins/com.st.stm32cube.ide.mcu.externaltools.gnu-tools-for-stm32.10.3-2021.10.win32_1.0.200.202301161003/tools/bin/../lib/gcc/arm-none-eabi/10.3.1/thumb/v7-m/nofp/crtn.o
                0x0000000020005000                _estack = (ORIGIN (RAM) + LENGTH (RAM))
                0x0000000000000200                _Min_Heap_Size = 0x200
                0x0000000000000400                _Min_Stack_Size = 0x400

.isr_vector     0x0000000008000000      0x10c
                0x0000000008000000                . = ALIGN (0x4)
 *(.isr_vector)
 .isr_vector    0x0000000008000000      0x10c ./Core/Startup/startup_stm32f103c8tx.o
                0x0000000008000000                g_pfnVectors
                0x000000000800010c                . = ALIGN (0x4)

.text           0x000000000800010c     0x7ebc
                0x000000000800010c                . = ALIGN (0x4)
 *(.text)
 .text          0x000000000800010c       0x40 d:/st/stm32cubeide_1.12.0/stm32cubeide/plugins/com.st.stm32cube.ide.mcu.externaltools.gnu-tools-for-stm32.10.3-2021.10.win32_1.0.200.202301161003/tools/bin/../lib/gcc/arm-none-eabi/10.3.1/thumb/v7-m/nofp/crtbegin.o
 *(.text*)
 .text.main     0x000000000800014c       0xbc ./Core/Src/main.o
                0x000000000800014c                main
 .text.HAL_UART_RxCpltCallback
                0x0000000008000208      0x268 ./Core/Src/main.o
                0x0000000008000208                HAL_UART_RxCpltCallback
 .text.SystemClock_Config
                0x0000000008000470       0xba ./Core/Src/main.o
                0x0000000008000470                SystemClock_Config
 *fill*         0x000000000800052a        0x2 
 .text.MX_RTC_Init
                0x000000000800052c       0x94 ./Core/Src/main.o
 .text.MX_SPI2_Init
                0x00000000080005c0       0x6c ./Core/Src/main.o
 .text.MX_TIM2_Init
                0x000000000800062c       0x98 ./Core/Src/main.o
 .text.MX_USART1_UART_Init
                0x00000000080006c4       0x54 ./Core/Src/main.o
 .text.MX_USART2_UART_Init
                0x0000000008000718       0x54 ./Core/Src/main.o
 .text.MX_USART3_UART_Init
                0x000000000800076c       0x54 ./Core/Src/main.o
 .text.MX_DMA_Init
                0x00000000080007c0       0x6c ./Core/Src/main.o
 .text.MX_GPIO_Init
                0x000000000800082c      0x104 ./Core/Src/main.o
 .text.HAL_TIM_PeriodElapsedCallback
                0x0000000008000930       0x30 ./Core/Src/main.o
                0x0000000008000930                HAL_TIM_PeriodElapsedCallback
 .text.HAL_UART_ErrorCallback
                0x0000000008000960      0x16c ./Core/Src/main.o
                0x0000000008000960                HAL_UART_ErrorCallback
 .text.Error_Handler
                0x0000000008000acc        0xa ./Core/Src/main.o
                0x0000000008000acc                Error_Handler
 *fill*         0x0000000008000ad6        0x2 
 .text.Error    0x0000000008000ad8       0x18 ./Core/Src/sd.o
 .text.SPIx_WriteRead
                0x0000000008000af0       0x3c ./Core/Src/sd.o
                0x0000000008000af0                SPIx_WriteRead
 .text.SPI_SendByte
                0x0000000008000b2c       0x1a ./Core/Src/sd.o
                0x0000000008000b2c                SPI_SendByte
 .text.SPI_ReceiveByte
                0x0000000008000b46       0x1a ./Core/Src/sd.o
                0x0000000008000b46                SPI_ReceiveByte
 .text.SPI_Release
                0x0000000008000b60        0xe ./Core/Src/sd.o
                0x0000000008000b60                SPI_Release
 .text.SPI_wait_ready
                0x0000000008000b6e       0x40 ./Core/Src/sd.o
                0x0000000008000b6e                SPI_wait_ready
 *fill*         0x0000000008000bae        0x2 
 .text.SD_cmd   0x0000000008000bb0       0xd4 ./Core/Src/sd.o
 .text.SD_PowerOn
                0x0000000008000c84       0x24 ./Core/Src/sd.o
                0x0000000008000c84                SD_PowerOn
 .text.SD_Read_Block
                0x0000000008000ca8       0x88 ./Core/Src/sd.o
                0x0000000008000ca8                SD_Read_Block
 .text.SD_Write_Block
                0x0000000008000d30       0xa4 ./Core/Src/sd.o
                0x0000000008000d30                SD_Write_Block
 .text.sd_ini   0x0000000008000dd4      0x1c4 ./Core/Src/sd.o
                0x0000000008000dd4                sd_ini
 .text.HAL_MspInit
                0x0000000008000f98       0x64 ./Core/Src/stm32f1xx_hal_msp.o
                0x0000000008000f98                HAL_MspInit
 .text.HAL_RTC_MspInit
                0x0000000008000ffc       0x48 ./Core/Src/stm32f1xx_hal_msp.o
                0x0000000008000ffc                HAL_RTC_MspInit
 .text.HAL_SPI_MspInit
                0x0000000008001044       0x98 ./Core/Src/stm32f1xx_hal_msp.o
                0x0000000008001044                HAL_SPI_MspInit
 .text.HAL_TIM_Base_MspInit
                0x00000000080010dc       0x48 ./Core/Src/stm32f1xx_hal_msp.o
                0x00000000080010dc                HAL_TIM_Base_MspInit
 .text.HAL_UART_MspInit
                0x0000000008001124      0x2f0 ./Core/Src/stm32f1xx_hal_msp.o
                0x0000000008001124                HAL_UART_MspInit
 .text.NMI_Handler
                0x0000000008001414        0x6 ./Core/Src/stm32f1xx_it.o
                0x0000000008001414                NMI_Handler
 .text.HardFault_Handler
                0x000000000800141a        0x6 ./Core/Src/stm32f1xx_it.o
                0x000000000800141a                HardFault_Handler
 .text.MemManage_Handler
                0x0000000008001420        0x6 ./Core/Src/stm32f1xx_it.o
                0x0000000008001420                MemManage_Handler
 .text.BusFault_Handler
                0x0000000008001426        0x6 ./Core/Src/stm32f1xx_it.o
                0x0000000008001426                BusFault_Handler
 .text.UsageFault_Handler
                0x000000000800142c        0x6 ./Core/Src/stm32f1xx_it.o
                0x000000000800142c                UsageFault_Handler
 .text.SVC_Handler
                0x0000000008001432        0xc ./Core/Src/stm32f1xx_it.o
                0x0000000008001432                SVC_Handler
 .text.DebugMon_Handler
                0x000000000800143e        0xc ./Core/Src/stm32f1xx_it.o
                0x000000000800143e                DebugMon_Handler
 .text.PendSV_Handler
                0x000000000800144a        0xc ./Core/Src/stm32f1xx_it.o
                0x000000000800144a                PendSV_Handler
 .text.SysTick_Handler
                0x0000000008001456        0xc ./Core/Src/stm32f1xx_it.o
                0x0000000008001456                SysTick_Handler
 *fill*         0x0000000008001462        0x2 
 .text.DMA1_Channel2_IRQHandler
                0x0000000008001464       0x14 ./Core/Src/stm32f1xx_it.o
                0x0000000008001464                DMA1_Channel2_IRQHandler
 .text.DMA1_Channel3_IRQHandler
                0x0000000008001478       0x14 ./Core/Src/stm32f1xx_it.o
                0x0000000008001478                DMA1_Channel3_IRQHandler
 .text.DMA1_Channel4_IRQHandler
                0x000000000800148c       0x14 ./Core/Src/stm32f1xx_it.o
                0x000000000800148c                DMA1_Channel4_IRQHandler
 .text.DMA1_Channel5_IRQHandler
                0x00000000080014a0       0x14 ./Core/Src/stm32f1xx_it.o
                0x00000000080014a0                DMA1_Channel5_IRQHandler
 .text.TIM2_IRQHandler
                0x00000000080014b4       0x14 ./Core/Src/stm32f1xx_it.o
                0x00000000080014b4                TIM2_IRQHandler
 .text.USART1_IRQHandler
                0x00000000080014c8       0x14 ./Core/Src/stm32f1xx_it.o
                0x00000000080014c8                USART1_IRQHandler
 .text.USART2_IRQHandler
                0x00000000080014dc       0x14 ./Core/Src/stm32f1xx_it.o
                0x00000000080014dc                USART2_IRQHandler
 .text.SystemInit
                0x00000000080014f0        0xc ./Core/Src/system_stm32f1xx.o
                0x00000000080014f0                SystemInit
 .text.Reset_Handler
                0x00000000080014fc       0x48 ./Core/Startup/startup_stm32f103c8tx.o
                0x00000000080014fc                Reset_Handler
 .text.Default_Handler
                0x0000000008001544        0x2 ./Core/Startup/startup_stm32f103c8tx.o
                0x0000000008001544                RTC_Alarm_IRQHandler
                0x0000000008001544                EXTI2_IRQHandler
                0x0000000008001544                TIM1_CC_IRQHandler
                0x0000000008001544                PVD_IRQHandler
                0x0000000008001544                EXTI3_IRQHandler
                0x0000000008001544                EXTI0_IRQHandler
                0x0000000008001544                I2C2_EV_IRQHandler
                0x0000000008001544                ADC1_2_IRQHandler
                0x0000000008001544                SPI1_IRQHandler
                0x0000000008001544                TAMPER_IRQHandler
                0x0000000008001544                USART3_IRQHandler
                0x0000000008001544                RTC_IRQHandler
                0x0000000008001544                DMA1_Channel7_IRQHandler
                0x0000000008001544                CAN1_RX1_IRQHandler
                0x0000000008001544                TIM4_IRQHandler
                0x0000000008001544                I2C1_EV_IRQHandler
                0x0000000008001544                DMA1_Channel6_IRQHandler
                0x0000000008001544                TIM3_IRQHandler
                0x0000000008001544                RCC_IRQHandler
                0x0000000008001544                TIM1_TRG_COM_IRQHandler
                0x0000000008001544                DMA1_Channel1_IRQHandler
                0x0000000008001544                Default_Handler
                0x0000000008001544                EXTI15_10_IRQHandler
                0x0000000008001544                EXTI9_5_IRQHandler
                0x0000000008001544                SPI2_IRQHandler
                0x0000000008001544                EXTI4_IRQHandler
                0x0000000008001544                USB_LP_CAN1_RX0_IRQHandler
                0x0000000008001544                USB_HP_CAN1_TX_IRQHandler
                0x0000000008001544                TIM1_UP_IRQHandler
                0x0000000008001544                WWDG_IRQHandler
                0x0000000008001544                TIM1_BRK_IRQHandler
                0x0000000008001544                EXTI1_IRQHandler
                0x0000000008001544                I2C2_ER_IRQHandler
                0x0000000008001544                CAN1_SCE_IRQHandler
                0x0000000008001544                FLASH_IRQHandler
                0x0000000008001544                I2C1_ER_IRQHandler
                0x0000000008001544                USBWakeUp_IRQHandler
 *fill*         0x0000000008001546        0x2 
 .text.HAL_Init
                0x0000000008001548       0x2c ./Drivers/STM32F1xx_HAL_Driver/Src/stm32f1xx_hal.o
                0x0000000008001548                HAL_Init
 .text.HAL_InitTick
                0x0000000008001574       0x60 ./Drivers/STM32F1xx_HAL_Driver/Src/stm32f1xx_hal.o
                0x0000000008001574                HAL_InitTick
 .text.HAL_IncTick
                0x00000000080015d4       0x24 ./Drivers/STM32F1xx_HAL_Driver/Src/stm32f1xx_hal.o
                0x00000000080015d4                HAL_IncTick
 .text.HAL_GetTick
                0x00000000080015f8       0x14 ./Drivers/STM32F1xx_HAL_Driver/Src/stm32f1xx_hal.o
                0x00000000080015f8                HAL_GetTick
 .text.__NVIC_SetPriorityGrouping
                0x000000000800160c       0x48 ./Drivers/STM32F1xx_HAL_Driver/Src/stm32f1xx_hal_cortex.o
 .text.__NVIC_GetPriorityGrouping
                0x0000000008001654       0x1c ./Drivers/STM32F1xx_HAL_Driver/Src/stm32f1xx_hal_cortex.o
 .text.__NVIC_EnableIRQ
                0x0000000008001670       0x38 ./Drivers/STM32F1xx_HAL_Driver/Src/stm32f1xx_hal_cortex.o
 .text.__NVIC_SetPriority
                0x00000000080016a8       0x54 ./Drivers/STM32F1xx_HAL_Driver/Src/stm32f1xx_hal_cortex.o
 .text.NVIC_EncodePriority
                0x00000000080016fc       0x64 ./Drivers/STM32F1xx_HAL_Driver/Src/stm32f1xx_hal_cortex.o
 .text.SysTick_Config
                0x0000000008001760       0x44 ./Drivers/STM32F1xx_HAL_Driver/Src/stm32f1xx_hal_cortex.o
 .text.HAL_NVIC_SetPriorityGrouping
                0x00000000080017a4       0x16 ./Drivers/STM32F1xx_HAL_Driver/Src/stm32f1xx_hal_cortex.o
                0x00000000080017a4                HAL_NVIC_SetPriorityGrouping
 .text.HAL_NVIC_SetPriority
                0x00000000080017ba       0x38 ./Drivers/STM32F1xx_HAL_Driver/Src/stm32f1xx_hal_cortex.o
                0x00000000080017ba                HAL_NVIC_SetPriority
 .text.HAL_NVIC_EnableIRQ
                0x00000000080017f2       0x1c ./Drivers/STM32F1xx_HAL_Driver/Src/stm32f1xx_hal_cortex.o
                0x00000000080017f2                HAL_NVIC_EnableIRQ
 .text.HAL_SYSTICK_Config
                0x000000000800180e       0x18 ./Drivers/STM32F1xx_HAL_Driver/Src/stm32f1xx_hal_cortex.o
                0x000000000800180e                HAL_SYSTICK_Config
 *fill*         0x0000000008001826        0x2 
 .text.HAL_DMA_Init
                0x0000000008001828       0xb4 ./Drivers/STM32F1xx_HAL_Driver/Src/stm32f1xx_hal_dma.o
                0x0000000008001828                HAL_DMA_Init
 .text.HAL_DMA_Abort
                0x00000000080018dc       0x74 ./Drivers/STM32F1xx_HAL_Driver/Src/stm32f1xx_hal_dma.o
                0x00000000080018dc                HAL_DMA_Abort
 .text.HAL_DMA_Abort_IT
                0x0000000008001950       0xec ./Drivers/STM32F1xx_HAL_Driver/Src/stm32f1xx_hal_dma.o
                0x0000000008001950                HAL_DMA_Abort_IT
 .text.HAL_DMA_IRQHandler
                0x0000000008001a3c      0x20c ./Drivers/STM32F1xx_HAL_Driver/Src/stm32f1xx_hal_dma.o
                0x0000000008001a3c                HAL_DMA_IRQHandler
 .text.HAL_GPIO_Init
                0x0000000008001c48      0x308 ./Drivers/STM32F1xx_HAL_Driver/Src/stm32f1xx_hal_gpio.o
                0x0000000008001c48                HAL_GPIO_Init
 .text.HAL_GPIO_WritePin
                0x0000000008001f50       0x30 ./Drivers/STM32F1xx_HAL_Driver/Src/stm32f1xx_hal_gpio.o
                0x0000000008001f50                HAL_GPIO_WritePin
 .text.HAL_PWR_EnableBkUpAccess
                0x0000000008001f80       0x18 ./Drivers/STM32F1xx_HAL_Driver/Src/stm32f1xx_hal_pwr.o
                0x0000000008001f80                HAL_PWR_EnableBkUpAccess
 .text.HAL_RCC_OscConfig
                0x0000000008001f98      0x504 ./Drivers/STM32F1xx_HAL_Driver/Src/stm32f1xx_hal_rcc.o
                0x0000000008001f98                HAL_RCC_OscConfig
 .text.HAL_RCC_ClockConfig
                0x000000000800249c      0x1d4 ./Drivers/STM32F1xx_HAL_Driver/Src/stm32f1xx_hal_rcc.o
                0x000000000800249c                HAL_RCC_ClockConfig
 .text.HAL_RCC_GetSysClockFreq
                0x0000000008002670       0xbc ./Drivers/STM32F1xx_HAL_Driver/Src/stm32f1xx_hal_rcc.o
                0x0000000008002670                HAL_RCC_GetSysClockFreq
 .text.HAL_RCC_GetHCLKFreq
                0x000000000800272c       0x14 ./Drivers/STM32F1xx_HAL_Driver/Src/stm32f1xx_hal_rcc.o
                0x000000000800272c                HAL_RCC_GetHCLKFreq
 .text.HAL_RCC_GetPCLK1Freq
                0x0000000008002740       0x28 ./Drivers/STM32F1xx_HAL_Driver/Src/stm32f1xx_hal_rcc.o
                0x0000000008002740                HAL_RCC_GetPCLK1Freq
 .text.HAL_RCC_GetPCLK2Freq
                0x0000000008002768       0x28 ./Drivers/STM32F1xx_HAL_Driver/Src/stm32f1xx_hal_rcc.o
                0x0000000008002768                HAL_RCC_GetPCLK2Freq
 .text.RCC_Delay
                0x0000000008002790       0x3c ./Drivers/STM32F1xx_HAL_Driver/Src/stm32f1xx_hal_rcc.o
 .text.HAL_RCCEx_PeriphCLKConfig
                0x00000000080027cc      0x16c ./Drivers/STM32F1xx_HAL_Driver/Src/stm32f1xx_hal_rcc_ex.o
                0x00000000080027cc                HAL_RCCEx_PeriphCLKConfig
 .text.HAL_RCCEx_GetPeriphCLKFreq
                0x0000000008002938      0x180 ./Drivers/STM32F1xx_HAL_Driver/Src/stm32f1xx_hal_rcc_ex.o
                0x0000000008002938                HAL_RCCEx_GetPeriphCLKFreq
 .text.HAL_RTC_Init
                0x0000000008002ab8      0x12c ./Drivers/STM32F1xx_HAL_Driver/Src/stm32f1xx_hal_rtc.o
                0x0000000008002ab8                HAL_RTC_Init
 .text.HAL_RTC_SetTime
                0x0000000008002be4      0x12e ./Drivers/STM32F1xx_HAL_Driver/Src/stm32f1xx_hal_rtc.o
                0x0000000008002be4                HAL_RTC_SetTime
 *fill*         0x0000000008002d12        0x2 
 .text.HAL_RTC_SetDate
                0x0000000008002d14      0x16c ./Drivers/STM32F1xx_HAL_Driver/Src/stm32f1xx_hal_rtc.o
                0x0000000008002d14                HAL_RTC_SetDate
 .text.HAL_RTC_WaitForSynchro
                0x0000000008002e80       0x5a ./Drivers/STM32F1xx_HAL_Driver/Src/stm32f1xx_hal_rtc.o
                0x0000000008002e80                HAL_RTC_WaitForSynchro
 .text.RTC_ReadTimeCounter
                0x0000000008002eda       0x60 ./Drivers/STM32F1xx_HAL_Driver/Src/stm32f1xx_hal_rtc.o
 .text.RTC_WriteTimeCounter
                0x0000000008002f3a       0x4e ./Drivers/STM32F1xx_HAL_Driver/Src/stm32f1xx_hal_rtc.o
 .text.RTC_ReadAlarmCounter
                0x0000000008002f88       0x32 ./Drivers/STM32F1xx_HAL_Driver/Src/stm32f1xx_hal_rtc.o
 .text.RTC_WriteAlarmCounter
                0x0000000008002fba       0x4e ./Drivers/STM32F1xx_HAL_Driver/Src/stm32f1xx_hal_rtc.o
 .text.RTC_EnterInitMode
                0x0000000008003008       0x50 ./Drivers/STM32F1xx_HAL_Driver/Src/stm32f1xx_hal_rtc.o
 .text.RTC_ExitInitMode
                0x0000000008003058       0x50 ./Drivers/STM32F1xx_HAL_Driver/Src/stm32f1xx_hal_rtc.o
 .text.RTC_Bcd2ToByte
                0x00000000080030a8       0x3a ./Drivers/STM32F1xx_HAL_Driver/Src/stm32f1xx_hal_rtc.o
 *fill*         0x00000000080030e2        0x2 
 .text.RTC_WeekDayNum
                0x00000000080030e4       0xf0 ./Drivers/STM32F1xx_HAL_Driver/Src/stm32f1xx_hal_rtc.o
 .text.HAL_SPI_Init
                0x00000000080031d4      0x108 ./Drivers/STM32F1xx_HAL_Driver/Src/stm32f1xx_hal_spi.o
                0x00000000080031d4                HAL_SPI_Init
 .text.HAL_SPI_TransmitReceive
                0x00000000080032dc      0x344 ./Drivers/STM32F1xx_HAL_Driver/Src/stm32f1xx_hal_spi.o
                0x00000000080032dc                HAL_SPI_TransmitReceive
 .text.SPI_WaitFlagStateUntilTimeout
                0x0000000008003620      0x110 ./Drivers/STM32F1xx_HAL_Driver/Src/stm32f1xx_hal_spi.o
 .text.SPI_EndRxTxTransaction
                0x0000000008003730       0x3c ./Drivers/STM32F1xx_HAL_Driver/Src/stm32f1xx_hal_spi.o
 .text.HAL_TIM_Base_Init
                0x000000000800376c       0x9e ./Drivers/STM32F1xx_HAL_Driver/Src/stm32f1xx_hal_tim.o
                0x000000000800376c                HAL_TIM_Base_Init
 *fill*         0x000000000800380a        0x2 
 .text.HAL_TIM_Base_Start_IT
                0x000000000800380c       0xa4 ./Drivers/STM32F1xx_HAL_Driver/Src/stm32f1xx_hal_tim.o
                0x000000000800380c                HAL_TIM_Base_Start_IT
 .text.HAL_TIM_IRQHandler
                0x00000000080038b0      0x210 ./Drivers/STM32F1xx_HAL_Driver/Src/stm32f1xx_hal_tim.o
                0x00000000080038b0                HAL_TIM_IRQHandler
 .text.HAL_TIM_ConfigClockSource
                0x0000000008003ac0      0x188 ./Drivers/STM32F1xx_HAL_Driver/Src/stm32f1xx_hal_tim.o
                0x0000000008003ac0                HAL_TIM_ConfigClockSource
 .text.HAL_TIM_OC_DelayElapsedCallback
                0x0000000008003c48       0x12 ./Drivers/STM32F1xx_HAL_Driver/Src/stm32f1xx_hal_tim.o
                0x0000000008003c48                HAL_TIM_OC_DelayElapsedCallback
 .text.HAL_TIM_IC_CaptureCallback
                0x0000000008003c5a       0x12 ./Drivers/STM32F1xx_HAL_Driver/Src/stm32f1xx_hal_tim.o
                0x0000000008003c5a                HAL_TIM_IC_CaptureCallback
 .text.HAL_TIM_PWM_PulseFinishedCallback
                0x0000000008003c6c       0x12 ./Drivers/STM32F1xx_HAL_Driver/Src/stm32f1xx_hal_tim.o
                0x0000000008003c6c                HAL_TIM_PWM_PulseFinishedCallback
 .text.HAL_TIM_TriggerCallback
                0x0000000008003c7e       0x12 ./Drivers/STM32F1xx_HAL_Driver/Src/stm32f1xx_hal_tim.o
                0x0000000008003c7e                HAL_TIM_TriggerCallback
 .text.TIM_Base_SetConfig
                0x0000000008003c90       0xc4 ./Drivers/STM32F1xx_HAL_Driver/Src/stm32f1xx_hal_tim.o
                0x0000000008003c90                TIM_Base_SetConfig
 .text.TIM_TI1_ConfigInputStage
                0x0000000008003d54       0x5c ./Drivers/STM32F1xx_HAL_Driver/Src/stm32f1xx_hal_tim.o
 .text.TIM_TI2_ConfigInputStage
                0x0000000008003db0       0x5e ./Drivers/STM32F1xx_HAL_Driver/Src/stm32f1xx_hal_tim.o
 .text.TIM_ITRx_SetConfig
                0x0000000008003e0e       0x34 ./Drivers/STM32F1xx_HAL_Driver/Src/stm32f1xx_hal_tim.o
 .text.TIM_ETR_SetConfig
                0x0000000008003e42       0x3e ./Drivers/STM32F1xx_HAL_Driver/Src/stm32f1xx_hal_tim.o
                0x0000000008003e42                TIM_ETR_SetConfig
 .text.HAL_TIMEx_MasterConfigSynchronization
                0x0000000008003e80       0xbc ./Drivers/STM32F1xx_HAL_Driver/Src/stm32f1xx_hal_tim_ex.o
                0x0000000008003e80                HAL_TIMEx_MasterConfigSynchronization
 .text.HAL_TIMEx_CommutCallback
                0x0000000008003f3c       0x12 ./Drivers/STM32F1xx_HAL_Driver/Src/stm32f1xx_hal_tim_ex.o
                0x0000000008003f3c                HAL_TIMEx_CommutCallback
 .text.HAL_TIMEx_BreakCallback
                0x0000000008003f4e       0x12 ./Drivers/STM32F1xx_HAL_Driver/Src/stm32f1xx_hal_tim_ex.o
                0x0000000008003f4e                HAL_TIMEx_BreakCallback
 .text.HAL_UART_Init
                0x0000000008003f60       0x9a ./Drivers/STM32F1xx_HAL_Driver/Src/stm32f1xx_hal_uart.o
                0x0000000008003f60                HAL_UART_Init
 .text.HAL_UART_Transmit
                0x0000000008003ffa      0x124 ./Drivers/STM32F1xx_HAL_Driver/Src/stm32f1xx_hal_uart.o
                0x0000000008003ffa                HAL_UART_Transmit
 .text.HAL_UART_Receive_IT
                0x000000000800411e       0x60 ./Drivers/STM32F1xx_HAL_Driver/Src/stm32f1xx_hal_uart.o
                0x000000000800411e                HAL_UART_Receive_IT
 .text.HAL_UART_DMAStop
                0x000000000800417e       0xb6 ./Drivers/STM32F1xx_HAL_Driver/Src/stm32f1xx_hal_uart.o
                0x000000000800417e                HAL_UART_DMAStop
 .text.HAL_UART_IRQHandler
                0x0000000008004234      0x354 ./Drivers/STM32F1xx_HAL_Driver/Src/stm32f1xx_hal_uart.o
                0x0000000008004234                HAL_UART_IRQHandler
 .text.HAL_UART_TxCpltCallback
                0x0000000008004588       0x12 ./Drivers/STM32F1xx_HAL_Driver/Src/stm32f1xx_hal_uart.o
                0x0000000008004588                HAL_UART_TxCpltCallback
 .text.HAL_UARTEx_RxEventCallback
                0x000000000800459a       0x16 ./Drivers/STM32F1xx_HAL_Driver/Src/stm32f1xx_hal_uart.o
                0x000000000800459a                HAL_UARTEx_RxEventCallback
 .text.HAL_UART_GetError
                0x00000000080045b0       0x16 ./Drivers/STM32F1xx_HAL_Driver/Src/stm32f1xx_hal_uart.o
                0x00000000080045b0                HAL_UART_GetError
 .text.UART_WaitOnFlagUntilTimeout
                0x00000000080045c6       0x94 ./Drivers/STM32F1xx_HAL_Driver/Src/stm32f1xx_hal_uart.o
 .text.UART_Start_Receive_IT
                0x000000000800465a       0x72 ./Drivers/STM32F1xx_HAL_Driver/Src/stm32f1xx_hal_uart.o
                0x000000000800465a                UART_Start_Receive_IT
 .text.UART_EndTxTransfer
                0x00000000080046cc       0x2a ./Drivers/STM32F1xx_HAL_Driver/Src/stm32f1xx_hal_uart.o
 .text.UART_EndRxTransfer
                0x00000000080046f6       0x58 ./Drivers/STM32F1xx_HAL_Driver/Src/stm32f1xx_hal_uart.o
 .text.UART_DMAAbortOnError
                0x000000000800474e       0x28 ./Drivers/STM32F1xx_HAL_Driver/Src/stm32f1xx_hal_uart.o
 .text.UART_Transmit_IT
                0x0000000008004776       0x9e ./Drivers/STM32F1xx_HAL_Driver/Src/stm32f1xx_hal_uart.o
 .text.UART_EndTransmit_IT
                0x0000000008004814       0x30 ./Drivers/STM32F1xx_HAL_Driver/Src/stm32f1xx_hal_uart.o
 .text.UART_Receive_IT
                0x0000000008004844      0x152 ./Drivers/STM32F1xx_HAL_Driver/Src/stm32f1xx_hal_uart.o
 *fill*         0x0000000008004996        0x2 
 .text.UART_SetConfig
                0x0000000008004998      0x11c ./Drivers/STM32F1xx_HAL_Driver/Src/stm32f1xx_hal_uart.o
 .text.MX_FATFS_Init
                0x0000000008004ab4       0x24 ./FATFS/App/fatfs.o
                0x0000000008004ab4                MX_FATFS_Init
 .text.get_fattime
                0x0000000008004ad8        0xe ./FATFS/App/fatfs.o
                0x0000000008004ad8                get_fattime
 *fill*         0x0000000008004ae6        0x2 
 .text.USER_initialize
                0x0000000008004ae8       0x3c ./FATFS/Target/user_diskio.o
                0x0000000008004ae8                USER_initialize
 .text.USER_status
                0x0000000008004b24       0x28 ./FATFS/Target/user_diskio.o
                0x0000000008004b24                USER_status
 .text.USER_read
                0x0000000008004b4c       0x78 ./FATFS/Target/user_diskio.o
                0x0000000008004b4c                USER_read
 .text.USER_write
                0x0000000008004bc4       0x8c ./FATFS/Target/user_diskio.o
                0x0000000008004bc4                USER_write
 .text.USER_ioctl
                0x0000000008004c50       0x88 ./FATFS/Target/user_diskio.o
                0x0000000008004c50                USER_ioctl
 .text.disk_status
                0x0000000008004cd8       0x34 ./Middlewares/Third_Party/FatFs/src/diskio.o
                0x0000000008004cd8                disk_status
 .text.disk_initialize
                0x0000000008004d0c       0x4c ./Middlewares/Third_Party/FatFs/src/diskio.o
                0x0000000008004d0c                disk_initialize
 .text.disk_read
                0x0000000008004d58       0x40 ./Middlewares/Third_Party/FatFs/src/diskio.o
                0x0000000008004d58                disk_read
 .text.disk_write
                0x0000000008004d98       0x40 ./Middlewares/Third_Party/FatFs/src/diskio.o
                0x0000000008004d98                disk_write
 .text.disk_ioctl
                0x0000000008004dd8       0x3c ./Middlewares/Third_Party/FatFs/src/diskio.o
                0x0000000008004dd8                disk_ioctl
 .text.mem_cpy  0x0000000008004e14       0x3c ./Middlewares/Third_Party/FatFs/src/ff.o
 .text.mem_set  0x0000000008004e50       0x34 ./Middlewares/Third_Party/FatFs/src/ff.o
 .text.mem_cmp  0x0000000008004e84       0x4c ./Middlewares/Third_Party/FatFs/src/ff.o
 .text.chk_chr  0x0000000008004ed0       0x34 ./Middlewares/Third_Party/FatFs/src/ff.o
 .text.chk_lock
                0x0000000008004f04       0xe0 ./Middlewares/Third_Party/FatFs/src/ff.o
 .text.enq_lock
                0x0000000008004fe4       0x48 ./Middlewares/Third_Party/FatFs/src/ff.o
 .text.inc_lock
                0x000000000800502c      0x178 ./Middlewares/Third_Party/FatFs/src/ff.o
 .text.dec_lock
                0x00000000080051a4       0x88 ./Middlewares/Third_Party/FatFs/src/ff.o
 .text.clear_lock
                0x000000000800522c       0x54 ./Middlewares/Third_Party/FatFs/src/ff.o
 .text.sync_window
                0x0000000008005280       0xa4 ./Middlewares/Third_Party/FatFs/src/ff.o
 .text.move_window
                0x0000000008005324       0x64 ./Middlewares/Third_Party/FatFs/src/ff.o
 .text.sync_fs  0x0000000008005388      0x17e ./Middlewares/Third_Party/FatFs/src/ff.o
 .text.clust2sect
                0x0000000008005506       0x48 ./Middlewares/Third_Party/FatFs/src/ff.o
                0x0000000008005506                clust2sect
 .text.get_fat  0x000000000800554e      0x1f8 ./Middlewares/Third_Party/FatFs/src/ff.o
                0x000000000800554e                get_fat
 .text.put_fat  0x0000000008005746      0x2a6 ./Middlewares/Third_Party/FatFs/src/ff.o
                0x0000000008005746                put_fat
 .text.remove_chain
                0x00000000080059ec       0xc2 ./Middlewares/Third_Party/FatFs/src/ff.o
 .text.create_chain
                0x0000000008005aae      0x150 ./Middlewares/Third_Party/FatFs/src/ff.o
 .text.dir_sdi  0x0000000008005bfe      0x19c ./Middlewares/Third_Party/FatFs/src/ff.o
 .text.dir_next
                0x0000000008005d9a      0x294 ./Middlewares/Third_Party/FatFs/src/ff.o
 .text.dir_alloc
                0x000000000800602e       0x9c ./Middlewares/Third_Party/FatFs/src/ff.o
 .text.ld_clust
                0x00000000080060ca       0x5c ./Middlewares/Third_Party/FatFs/src/ff.o
 .text.st_clust
                0x0000000008006126       0x4c ./Middlewares/Third_Party/FatFs/src/ff.o
 *fill*         0x0000000008006172        0x2 
 .text.cmp_lfn  0x0000000008006174       0xdc ./Middlewares/Third_Party/FatFs/src/ff.o
 .text.fit_lfn  0x0000000008006250       0xe8 ./Middlewares/Third_Party/FatFs/src/ff.o
 .text.gen_numname
                0x0000000008006338      0x11c ./Middlewares/Third_Party/FatFs/src/ff.o
 .text.sum_sfn  0x0000000008006454       0x40 ./Middlewares/Third_Party/FatFs/src/ff.o
 .text.dir_find
                0x0000000008006494      0x198 ./Middlewares/Third_Party/FatFs/src/ff.o
 .text.dir_register
                0x000000000800662c      0x248 ./Middlewares/Third_Party/FatFs/src/ff.o
 .text.create_name
                0x0000000008006874      0x37c ./Middlewares/Third_Party/FatFs/src/ff.o
 .text.follow_path
                0x0000000008006bf0       0xec ./Middlewares/Third_Party/FatFs/src/ff.o
 .text.get_ldnumber
                0x0000000008006cdc       0x86 ./Middlewares/Third_Party/FatFs/src/ff.o
 *fill*         0x0000000008006d62        0x2 
 .text.check_fs
                0x0000000008006d64       0xdc ./Middlewares/Third_Party/FatFs/src/ff.o
 .text.find_volume
                0x0000000008006e40      0x664 ./Middlewares/Third_Party/FatFs/src/ff.o
 .text.validate
                0x00000000080074a4       0x76 ./Middlewares/Third_Party/FatFs/src/ff.o
 *fill*         0x000000000800751a        0x2 
 .text.f_mount  0x000000000800751c       0x94 ./Middlewares/Third_Party/FatFs/src/ff.o
                0x000000000800751c                f_mount
 .text.f_open   0x00000000080075b0      0x630 ./Middlewares/Third_Party/FatFs/src/ff.o
                0x00000000080075b0                f_open
 .text.f_sync   0x0000000008007be0      0x19c ./Middlewares/Third_Party/FatFs/src/ff.o
                0x0000000008007be0                f_sync
 .text.f_close  0x0000000008007d7c       0x56 ./Middlewares/Third_Party/FatFs/src/ff.o
                0x0000000008007d7c                f_close
 *fill*         0x0000000008007dd2        0x2 
 .text.FATFS_LinkDriverEx
                0x0000000008007dd4       0x94 ./Middlewares/Third_Party/FatFs/src/ff_gen_drv.o
                0x0000000008007dd4                FATFS_LinkDriverEx
 .text.FATFS_LinkDriver
                0x0000000008007e68       0x1e ./Middlewares/Third_Party/FatFs/src/ff_gen_drv.o
                0x0000000008007e68                FATFS_LinkDriver
 *fill*         0x0000000008007e86        0x2 
 .text.ff_convert
                0x0000000008007e88       0x74 ./Middlewares/Third_Party/FatFs/src/option/ccsbcs.o
                0x0000000008007e88                ff_convert
 .text.ff_wtoupper
                0x0000000008007efc       0x5c ./Middlewares/Third_Party/FatFs/src/option/ccsbcs.o
                0x0000000008007efc                ff_wtoupper
 .text.__libc_init_array
                0x0000000008007f58       0x48 d:/st/stm32cubeide_1.12.0/stm32cubeide/plugins/com.st.stm32cube.ide.mcu.externaltools.gnu-tools-for-stm32.10.3-2021.10.win32_1.0.200.202301161003/tools/bin/../lib/gcc/arm-none-eabi/10.3.1/../../../../arm-none-eabi/lib/thumb/v7-m/nofp\libc_nano.a(lib_a-init.o)
                0x0000000008007f58                __libc_init_array
 .text.memset   0x0000000008007fa0       0x10 d:/st/stm32cubeide_1.12.0/stm32cubeide/plugins/com.st.stm32cube.ide.mcu.externaltools.gnu-tools-for-stm32.10.3-2021.10.win32_1.0.200.202301161003/tools/bin/../lib/gcc/arm-none-eabi/10.3.1/../../../../arm-none-eabi/lib/thumb/v7-m/nofp\libc_nano.a(lib_a-memset.o)
                0x0000000008007fa0                memset
 *(.glue_7)
 .glue_7        0x0000000008007fb0        0x0 linker stubs
 *(.glue_7t)
 .glue_7t       0x0000000008007fb0        0x0 linker stubs
 *(.eh_frame)
 .eh_frame      0x0000000008007fb0        0x0 d:/st/stm32cubeide_1.12.0/stm32cubeide/plugins/com.st.stm32cube.ide.mcu.externaltools.gnu-tools-for-stm32.10.3-2021.10.win32_1.0.200.202301161003/tools/bin/../lib/gcc/arm-none-eabi/10.3.1/thumb/v7-m/nofp/crtbegin.o
 *(.init)
 .init          0x0000000008007fb0        0x4 d:/st/stm32cubeide_1.12.0/stm32cubeide/plugins/com.st.stm32cube.ide.mcu.externaltools.gnu-tools-for-stm32.10.3-2021.10.win32_1.0.200.202301161003/tools/bin/../lib/gcc/arm-none-eabi/10.3.1/thumb/v7-m/nofp/crti.o
                0x0000000008007fb0                _init
 .init          0x0000000008007fb4        0x8 d:/st/stm32cubeide_1.12.0/stm32cubeide/plugins/com.st.stm32cube.ide.mcu.externaltools.gnu-tools-for-stm32.10.3-2021.10.win32_1.0.200.202301161003/tools/bin/../lib/gcc/arm-none-eabi/10.3.1/thumb/v7-m/nofp/crtn.o
 *(.fini)
 .fini          0x0000000008007fbc        0x4 d:/st/stm32cubeide_1.12.0/stm32cubeide/plugins/com.st.stm32cube.ide.mcu.externaltools.gnu-tools-for-stm32.10.3-2021.10.win32_1.0.200.202301161003/tools/bin/../lib/gcc/arm-none-eabi/10.3.1/thumb/v7-m/nofp/crti.o
                0x0000000008007fbc                _fini
 .fini          0x0000000008007fc0        0x8 d:/st/stm32cubeide_1.12.0/stm32cubeide/plugins/com.st.stm32cube.ide.mcu.externaltools.gnu-tools-for-stm32.10.3-2021.10.win32_1.0.200.202301161003/tools/bin/../lib/gcc/arm-none-eabi/10.3.1/thumb/v7-m/nofp/crtn.o
                0x0000000008007fc8                . = ALIGN (0x4)
                0x0000000008007fc8                _etext = .

.vfp11_veneer   0x0000000008007fc8        0x0
 .vfp11_veneer  0x0000000008007fc8        0x0 linker stubs

.v4_bx          0x0000000008007fc8        0x0
 .v4_bx         0x0000000008007fc8        0x0 linker stubs

.iplt           0x0000000008007fc8        0x0
 .iplt          0x0000000008007fc8        0x0 d:/st/stm32cubeide_1.12.0/stm32cubeide/plugins/com.st.stm32cube.ide.mcu.externaltools.gnu-tools-for-stm32.10.3-2021.10.win32_1.0.200.202301161003/tools/bin/../lib/gcc/arm-none-eabi/10.3.1/thumb/v7-m/nofp/crtbegin.o

.rodata         0x0000000008007fc8      0x798
                0x0000000008007fc8                . = ALIGN (0x4)
 *(.rodata)
 .rodata        0x0000000008007fc8      0x1c6 ./Core/Src/main.o
 *fill*         0x000000000800818e        0x2 
 .rodata        0x0000000008008190       0x10 ./Drivers/STM32F1xx_HAL_Driver/Src/stm32f1xx_hal_rcc.o
 .rodata        0x00000000080081a0       0x10 ./Drivers/STM32F1xx_HAL_Driver/Src/stm32f1xx_hal_rcc_ex.o
 .rodata        0x00000000080081b0       0x48 ./Middlewares/Third_Party/FatFs/src/ff.o
 *(.rodata*)
 .rodata.AHBPrescTable
                0x00000000080081f8       0x10 ./Core/Src/system_stm32f1xx.o
                0x00000000080081f8                AHBPrescTable
 .rodata.APBPrescTable
                0x0000000008008208        0x8 ./Core/Src/system_stm32f1xx.o
                0x0000000008008208                APBPrescTable
 .rodata.ExCvt  0x0000000008008210       0x80 ./Middlewares/Third_Party/FatFs/src/ff.o
 .rodata.LfnOfs
                0x0000000008008290        0xd ./Middlewares/Third_Party/FatFs/src/ff.o
 *fill*         0x000000000800829d        0x3 
 .rodata.Tbl    0x00000000080082a0      0x100 ./Middlewares/Third_Party/FatFs/src/option/ccsbcs.o
 .rodata.tbl_lower.1
                0x00000000080083a0      0x1e0 ./Middlewares/Third_Party/FatFs/src/option/ccsbcs.o
 .rodata.tbl_upper.0
                0x0000000008008580      0x1e0 ./Middlewares/Third_Party/FatFs/src/option/ccsbcs.o
                0x0000000008008760                . = ALIGN (0x4)

.rel.dyn        0x0000000008008760        0x0
 .rel.iplt      0x0000000008008760        0x0 d:/st/stm32cubeide_1.12.0/stm32cubeide/plugins/com.st.stm32cube.ide.mcu.externaltools.gnu-tools-for-stm32.10.3-2021.10.win32_1.0.200.202301161003/tools/bin/../lib/gcc/arm-none-eabi/10.3.1/thumb/v7-m/nofp/crtbegin.o

.ARM.extab      0x0000000008008760        0x0
                0x0000000008008760                . = ALIGN (0x4)
 *(.ARM.extab* .gnu.linkonce.armextab.*)
                0x0000000008008760                . = ALIGN (0x4)

.ARM            0x0000000008008760        0x0
                0x0000000008008760                . = ALIGN (0x4)
                0x0000000008008760                __exidx_start = .
 *(.ARM.exidx*)
                0x0000000008008760                __exidx_end = .
                0x0000000008008760                . = ALIGN (0x4)

.preinit_array  0x0000000008008760        0x0
                0x0000000008008760                . = ALIGN (0x4)
                0x0000000008008760                PROVIDE (__preinit_array_start = .)
 *(.preinit_array*)
                0x0000000008008760                PROVIDE (__preinit_array_end = .)
                0x0000000008008760                . = ALIGN (0x4)

.init_array     0x0000000008008760        0x4
                0x0000000008008760                . = ALIGN (0x4)
                0x0000000008008760                PROVIDE (__init_array_start = .)
 *(SORT_BY_NAME(.init_array.*))
 *(.init_array*)
 .init_array    0x0000000008008760        0x4 d:/st/stm32cubeide_1.12.0/stm32cubeide/plugins/com.st.stm32cube.ide.mcu.externaltools.gnu-tools-for-stm32.10.3-2021.10.win32_1.0.200.202301161003/tools/bin/../lib/gcc/arm-none-eabi/10.3.1/thumb/v7-m/nofp/crtbegin.o
                0x0000000008008764                PROVIDE (__init_array_end = .)
                0x0000000008008764                . = ALIGN (0x4)

.fini_array     0x0000000008008764        0x4
                0x0000000008008764                . = ALIGN (0x4)
                [!provide]                        PROVIDE (__fini_array_start = .)
 *(SORT_BY_NAME(.fini_array.*))
 *(.fini_array*)
 .fini_array    0x0000000008008764        0x4 d:/st/stm32cubeide_1.12.0/stm32cubeide/plugins/com.st.stm32cube.ide.mcu.externaltools.gnu-tools-for-stm32.10.3-2021.10.win32_1.0.200.202301161003/tools/bin/../lib/gcc/arm-none-eabi/10.3.1/thumb/v7-m/nofp/crtbegin.o
                [!provide]                        PROVIDE (__fini_array_end = .)
                0x0000000008008768                . = ALIGN (0x4)
                0x0000000008008768                _sidata = LOADADDR (.data)

.data           0x0000000020000000       0x3c load address 0x0000000008008768
                0x0000000020000000                . = ALIGN (0x4)
                0x0000000020000000                _sdata = .
 *(.data)
 *(.data*)
 .data.pfullMessageBuffer
                0x0000000020000000        0x4 ./Core/Src/main.o
                0x0000000020000000                pfullMessageBuffer
 .data.headerSwitcher
                0x0000000020000004        0x4 ./Core/Src/main.o
                0x0000000020000004                headerSwitcher
 .data.lighterSwitcher
                0x0000000020000008        0x4 ./Core/Src/main.o
                0x0000000020000008                lighterSwitcher
 .data.statusMessage
                0x000000002000000c        0x8 ./Core/Src/main.o
                0x000000002000000c                statusMessage
 .data.nothingToSendMessage
                0x0000000020000014        0x8 ./Core/Src/main.o
                0x0000000020000014                nothingToSendMessage
 .data.SystemCoreClock
                0x000000002000001c        0x4 ./Core/Src/system_stm32f1xx.o
                0x000000002000001c                SystemCoreClock
 .data.uwTickPrio
                0x0000000020000020        0x4 ./Drivers/STM32F1xx_HAL_Driver/Src/stm32f1xx_hal.o
                0x0000000020000020                uwTickPrio
 .data.uwTickFreq
                0x0000000020000024        0x1 ./Drivers/STM32F1xx_HAL_Driver/Src/stm32f1xx_hal.o
                0x0000000020000024                uwTickFreq
 .data.Stat     0x0000000020000025        0x1 ./FATFS/Target/user_diskio.o
 *fill*         0x0000000020000026        0x2 
 .data.USER_Driver
                0x0000000020000028       0x14 ./FATFS/Target/user_diskio.o
                0x0000000020000028                USER_Driver
 *(.RamFunc)
 *(.RamFunc*)
                0x000000002000003c                . = ALIGN (0x4)
                0x000000002000003c                _edata = .

.igot.plt       0x000000002000003c        0x0 load address 0x00000000080087a4
 .igot.plt      0x000000002000003c        0x0 d:/st/stm32cubeide_1.12.0/stm32cubeide/plugins/com.st.stm32cube.ide.mcu.externaltools.gnu-tools-for-stm32.10.3-2021.10.win32_1.0.200.202301161003/tools/bin/../lib/gcc/arm-none-eabi/10.3.1/thumb/v7-m/nofp/crtbegin.o
                0x000000002000003c                . = ALIGN (0x4)

.bss            0x000000002000003c     0x35b8 load address 0x00000000080087a4
                0x000000002000003c                _sbss = .
                0x000000002000003c                __bss_start__ = _sbss
 *(.bss)
 .bss           0x000000002000003c       0x1c d:/st/stm32cubeide_1.12.0/stm32cubeide/plugins/com.st.stm32cube.ide.mcu.externaltools.gnu-tools-for-stm32.10.3-2021.10.win32_1.0.200.202301161003/tools/bin/../lib/gcc/arm-none-eabi/10.3.1/thumb/v7-m/nofp/crtbegin.o
 *(.bss*)
 .bss.hrtc      0x0000000020000058       0x14 ./Core/Src/main.o
                0x0000000020000058                hrtc
 .bss.hspi2     0x000000002000006c       0x58 ./Core/Src/main.o
                0x000000002000006c                hspi2
 .bss.htim2     0x00000000200000c4       0x48 ./Core/Src/main.o
                0x00000000200000c4                htim2
 .bss.huart1    0x000000002000010c       0x44 ./Core/Src/main.o
                0x000000002000010c                huart1
 .bss.huart2    0x0000000020000150       0x44 ./Core/Src/main.o
                0x0000000020000150                huart2
 .bss.huart3    0x0000000020000194       0x44 ./Core/Src/main.o
                0x0000000020000194                huart3
 .bss.hdma_usart1_rx
                0x00000000200001d8       0x44 ./Core/Src/main.o
                0x00000000200001d8                hdma_usart1_rx
 .bss.hdma_usart1_tx
                0x000000002000021c       0x44 ./Core/Src/main.o
                0x000000002000021c                hdma_usart1_tx
 .bss.hdma_usart3_rx
                0x0000000020000260       0x44 ./Core/Src/main.o
                0x0000000020000260                hdma_usart3_rx
 .bss.hdma_usart3_tx
                0x00000000200002a4       0x44 ./Core/Src/main.o
                0x00000000200002a4                hdma_usart3_tx
 .bss.Timer1    0x00000000200002e8        0x2 ./Core/Src/main.o
                0x00000000200002e8                Timer1
 *fill*         0x00000000200002ea        0x2 
 .bss.SDFatFs   0x00000000200002ec     0x1030 ./Core/Src/main.o
                0x00000000200002ec                SDFatFs
 .bss.MyFile    0x000000002000131c     0x102c ./Core/Src/main.o
                0x000000002000131c                MyFile
 .bss.fullMessageBuffer
                0x0000000020002348      0x320 ./Core/Src/main.o
                0x0000000020002348                fullMessageBuffer
 .bss.fullMessageLength
                0x0000000020002668        0x2 ./Core/Src/main.o
                0x0000000020002668                fullMessageLength
 .bss.addressMessage
                0x000000002000266a        0x2 ./Core/Src/main.o
                0x000000002000266a                addressMessage
 .bss.rewriteMessagesBuffer
                0x000000002000266c      0xd48 ./Core/Src/main.o
                0x000000002000266c                rewriteMessagesBuffer
 .bss.rewriteMessagesCounter
                0x00000000200033b4        0x2 ./Core/Src/main.o
                0x00000000200033b4                rewriteMessagesCounter
 *fill*         0x00000000200033b6        0x2 
 .bss.sdinfo    0x00000000200033b8        0x1 ./Core/Src/sd.o
                0x00000000200033b8                sdinfo
 *fill*         0x00000000200033b9        0x3 
 .bss.uwTick    0x00000000200033bc        0x4 ./Drivers/STM32F1xx_HAL_Driver/Src/stm32f1xx_hal.o
                0x00000000200033bc                uwTick
 .bss.retUSER   0x00000000200033c0        0x1 ./FATFS/App/fatfs.o
                0x00000000200033c0                retUSER
 *fill*         0x00000000200033c1        0x3 
 .bss.USERPath  0x00000000200033c4        0x4 ./FATFS/App/fatfs.o
                0x00000000200033c4                USERPath
 .bss.FatFs     0x00000000200033c8        0x4 ./Middlewares/Third_Party/FatFs/src/ff.o
 .bss.Fsid      0x00000000200033cc        0x2 ./Middlewares/Third_Party/FatFs/src/ff.o
 *fill*         0x00000000200033ce        0x2 
 .bss.Files     0x00000000200033d0       0x18 ./Middlewares/Third_Party/FatFs/src/ff.o
 .bss.LfnBuf    0x00000000200033e8      0x200 ./Middlewares/Third_Party/FatFs/src/ff.o
 .bss.disk      0x00000000200035e8        0xc ./Middlewares/Third_Party/FatFs/src/ff_gen_drv.o
                0x00000000200035e8                disk
 *(COMMON)
                0x00000000200035f4                . = ALIGN (0x4)
                0x00000000200035f4                _ebss = .
                0x00000000200035f4                __bss_end__ = _ebss

._user_heap_stack
                0x00000000200035f4      0x604 load address 0x00000000080087a4
                0x00000000200035f8                . = ALIGN (0x8)
 *fill*         0x00000000200035f4        0x4 
                [!provide]                        PROVIDE (end = .)
                0x00000000200035f8                PROVIDE (_end = .)
                0x00000000200037f8                . = (. + _Min_Heap_Size)
 *fill*         0x00000000200035f8      0x200 
                0x0000000020003bf8                . = (. + _Min_Stack_Size)
 *fill*         0x00000000200037f8      0x400 
                0x0000000020003bf8                . = ALIGN (0x8)

/DISCARD/
 libc.a(*)
 libm.a(*)
 libgcc.a(*)

.ARM.attributes
                0x0000000000000000       0x29
 *(.ARM.attributes)
 .ARM.attributes
                0x0000000000000000       0x1d d:/st/stm32cubeide_1.12.0/stm32cubeide/plugins/com.st.stm32cube.ide.mcu.externaltools.gnu-tools-for-stm32.10.3-2021.10.win32_1.0.200.202301161003/tools/bin/../lib/gcc/arm-none-eabi/10.3.1/thumb/v7-m/nofp/crti.o
 .ARM.attributes
                0x000000000000001d       0x2d d:/st/stm32cubeide_1.12.0/stm32cubeide/plugins/com.st.stm32cube.ide.mcu.externaltools.gnu-tools-for-stm32.10.3-2021.10.win32_1.0.200.202301161003/tools/bin/../lib/gcc/arm-none-eabi/10.3.1/thumb/v7-m/nofp/crtbegin.o
 .ARM.attributes
                0x000000000000004a       0x2d ./Core/Src/main.o
 .ARM.attributes
                0x0000000000000077       0x2d ./Core/Src/sd.o
 .ARM.attributes
                0x00000000000000a4       0x2d ./Core/Src/stm32f1xx_hal_msp.o
 .ARM.attributes
                0x00000000000000d1       0x2d ./Core/Src/stm32f1xx_it.o
 .ARM.attributes
                0x00000000000000fe       0x2d ./Core/Src/system_stm32f1xx.o
 .ARM.attributes
                0x000000000000012b       0x21 ./Core/Startup/startup_stm32f103c8tx.o
 .ARM.attributes
                0x000000000000014c       0x2d ./Drivers/STM32F1xx_HAL_Driver/Src/stm32f1xx_hal.o
 .ARM.attributes
                0x0000000000000179       0x2d ./Drivers/STM32F1xx_HAL_Driver/Src/stm32f1xx_hal_cortex.o
 .ARM.attributes
                0x00000000000001a6       0x2d ./Drivers/STM32F1xx_HAL_Driver/Src/stm32f1xx_hal_dma.o
 .ARM.attributes
                0x00000000000001d3       0x2d ./Drivers/STM32F1xx_HAL_Driver/Src/stm32f1xx_hal_gpio.o
 .ARM.attributes
                0x0000000000000200       0x2d ./Drivers/STM32F1xx_HAL_Driver/Src/stm32f1xx_hal_pwr.o
 .ARM.attributes
                0x000000000000022d       0x2d ./Drivers/STM32F1xx_HAL_Driver/Src/stm32f1xx_hal_rcc.o
 .ARM.attributes
                0x000000000000025a       0x2d ./Drivers/STM32F1xx_HAL_Driver/Src/stm32f1xx_hal_rcc_ex.o
 .ARM.attributes
                0x0000000000000287       0x2d ./Drivers/STM32F1xx_HAL_Driver/Src/stm32f1xx_hal_rtc.o
 .ARM.attributes
                0x00000000000002b4       0x2d ./Drivers/STM32F1xx_HAL_Driver/Src/stm32f1xx_hal_spi.o
 .ARM.attributes
                0x00000000000002e1       0x2d ./Drivers/STM32F1xx_HAL_Driver/Src/stm32f1xx_hal_tim.o
 .ARM.attributes
                0x000000000000030e       0x2d ./Drivers/STM32F1xx_HAL_Driver/Src/stm32f1xx_hal_tim_ex.o
 .ARM.attributes
                0x000000000000033b       0x2d ./Drivers/STM32F1xx_HAL_Driver/Src/stm32f1xx_hal_uart.o
 .ARM.attributes
                0x0000000000000368       0x2d ./FATFS/App/fatfs.o
 .ARM.attributes
                0x0000000000000395       0x2d ./FATFS/Target/user_diskio.o
 .ARM.attributes
                0x00000000000003c2       0x2d ./Middlewares/Third_Party/FatFs/src/diskio.o
 .ARM.attributes
                0x00000000000003ef       0x2d ./Middlewares/Third_Party/FatFs/src/ff.o
 .ARM.attributes
                0x000000000000041c       0x2d ./Middlewares/Third_Party/FatFs/src/ff_gen_drv.o
 .ARM.attributes
                0x0000000000000449       0x2d ./Middlewares/Third_Party/FatFs/src/option/ccsbcs.o
 .ARM.attributes
                0x0000000000000476       0x2d d:/st/stm32cubeide_1.12.0/stm32cubeide/plugins/com.st.stm32cube.ide.mcu.externaltools.gnu-tools-for-stm32.10.3-2021.10.win32_1.0.200.202301161003/tools/bin/../lib/gcc/arm-none-eabi/10.3.1/../../../../arm-none-eabi/lib/thumb/v7-m/nofp\libc_nano.a(lib_a-init.o)
 .ARM.attributes
                0x00000000000004a3       0x2d d:/st/stm32cubeide_1.12.0/stm32cubeide/plugins/com.st.stm32cube.ide.mcu.externaltools.gnu-tools-for-stm32.10.3-2021.10.win32_1.0.200.202301161003/tools/bin/../lib/gcc/arm-none-eabi/10.3.1/../../../../arm-none-eabi/lib/thumb/v7-m/nofp\libc_nano.a(lib_a-memset.o)
 .ARM.attributes
                0x00000000000004d0       0x1d d:/st/stm32cubeide_1.12.0/stm32cubeide/plugins/com.st.stm32cube.ide.mcu.externaltools.gnu-tools-for-stm32.10.3-2021.10.win32_1.0.200.202301161003/tools/bin/../lib/gcc/arm-none-eabi/10.3.1/thumb/v7-m/nofp/crtn.o
OUTPUT(sd_card.elf elf32-littlearm)
LOAD linker stubs
LOAD d:/st/stm32cubeide_1.12.0/stm32cubeide/plugins/com.st.stm32cube.ide.mcu.externaltools.gnu-tools-for-stm32.10.3-2021.10.win32_1.0.200.202301161003/tools/bin/../lib/gcc/arm-none-eabi/10.3.1/../../../../arm-none-eabi/lib/thumb/v7-m/nofp\libc.a
LOAD d:/st/stm32cubeide_1.12.0/stm32cubeide/plugins/com.st.stm32cube.ide.mcu.externaltools.gnu-tools-for-stm32.10.3-2021.10.win32_1.0.200.202301161003/tools/bin/../lib/gcc/arm-none-eabi/10.3.1/../../../../arm-none-eabi/lib/thumb/v7-m/nofp\libm.a
LOAD d:/st/stm32cubeide_1.12.0/stm32cubeide/plugins/com.st.stm32cube.ide.mcu.externaltools.gnu-tools-for-stm32.10.3-2021.10.win32_1.0.200.202301161003/tools/bin/../lib/gcc/arm-none-eabi/10.3.1/thumb/v7-m/nofp\libgcc.a

.debug_info     0x0000000000000000    0x13d9d
 .debug_info    0x0000000000000000     0x2e37 ./Core/Src/main.o
 .debug_info    0x0000000000002e37      0x9b6 ./Core/Src/sd.o
 .debug_info    0x00000000000037ed     0x13ee ./Core/Src/stm32f1xx_hal_msp.o
 .debug_info    0x0000000000004bdb      0xa36 ./Core/Src/stm32f1xx_it.o
 .debug_info    0x0000000000005611      0x23d ./Core/Src/system_stm32f1xx.o
 .debug_info    0x000000000000584e       0x22 ./Core/Startup/startup_stm32f103c8tx.o
 .debug_info    0x0000000000005870      0x734 ./Drivers/STM32F1xx_HAL_Driver/Src/stm32f1xx_hal.o
 .debug_info    0x0000000000005fa4      0xb20 ./Drivers/STM32F1xx_HAL_Driver/Src/stm32f1xx_hal_cortex.o
 .debug_info    0x0000000000006ac4      0x73f ./Drivers/STM32F1xx_HAL_Driver/Src/stm32f1xx_hal_dma.o
 .debug_info    0x0000000000007203      0x615 ./Drivers/STM32F1xx_HAL_Driver/Src/stm32f1xx_hal_gpio.o
 .debug_info    0x0000000000007818      0x65c ./Drivers/STM32F1xx_HAL_Driver/Src/stm32f1xx_hal_pwr.o
 .debug_info    0x0000000000007e74      0x860 ./Drivers/STM32F1xx_HAL_Driver/Src/stm32f1xx_hal_rcc.o
 .debug_info    0x00000000000086d4      0x3e0 ./Drivers/STM32F1xx_HAL_Driver/Src/stm32f1xx_hal_rcc_ex.o
 .debug_info    0x0000000000008ab4      0xd49 ./Drivers/STM32F1xx_HAL_Driver/Src/stm32f1xx_hal_rtc.o
 .debug_info    0x00000000000097fd     0x1658 ./Drivers/STM32F1xx_HAL_Driver/Src/stm32f1xx_hal_spi.o
 .debug_info    0x000000000000ae55     0x29de ./Drivers/STM32F1xx_HAL_Driver/Src/stm32f1xx_hal_tim.o
 .debug_info    0x000000000000d833     0x1513 ./Drivers/STM32F1xx_HAL_Driver/Src/stm32f1xx_hal_tim_ex.o
 .debug_info    0x000000000000ed46     0x15d8 ./Drivers/STM32F1xx_HAL_Driver/Src/stm32f1xx_hal_uart.o
 .debug_info    0x000000000001031e      0x52d ./FATFS/App/fatfs.o
 .debug_info    0x000000000001084b      0x503 ./FATFS/Target/user_diskio.o
 .debug_info    0x0000000000010d4e      0x40d ./Middlewares/Third_Party/FatFs/src/diskio.o
 .debug_info    0x000000000001115b     0x2721 ./Middlewares/Third_Party/FatFs/src/ff.o
 .debug_info    0x000000000001387c      0x3a4 ./Middlewares/Third_Party/FatFs/src/ff_gen_drv.o
 .debug_info    0x0000000000013c20      0x17d ./Middlewares/Third_Party/FatFs/src/option/ccsbcs.o

.debug_abbrev   0x0000000000000000     0x30fc
 .debug_abbrev  0x0000000000000000      0x476 ./Core/Src/main.o
 .debug_abbrev  0x0000000000000476      0x24b ./Core/Src/sd.o
 .debug_abbrev  0x00000000000006c1      0x26f ./Core/Src/stm32f1xx_hal_msp.o
 .debug_abbrev  0x0000000000000930      0x19e ./Core/Src/stm32f1xx_it.o
 .debug_abbrev  0x0000000000000ace      0x13b ./Core/Src/system_stm32f1xx.o
 .debug_abbrev  0x0000000000000c09       0x12 ./Core/Startup/startup_stm32f103c8tx.o
 .debug_abbrev  0x0000000000000c1b      0x1fb ./Drivers/STM32F1xx_HAL_Driver/Src/stm32f1xx_hal.o
 .debug_abbrev  0x0000000000000e16      0x2ed ./Drivers/STM32F1xx_HAL_Driver/Src/stm32f1xx_hal_cortex.o
 .debug_abbrev  0x0000000000001103      0x1fe ./Drivers/STM32F1xx_HAL_Driver/Src/stm32f1xx_hal_dma.o
 .debug_abbrev  0x0000000000001301      0x1bb ./Drivers/STM32F1xx_HAL_Driver/Src/stm32f1xx_hal_gpio.o
 .debug_abbrev  0x00000000000014bc      0x1ed ./Drivers/STM32F1xx_HAL_Driver/Src/stm32f1xx_hal_pwr.o
 .debug_abbrev  0x00000000000016a9      0x2a8 ./Drivers/STM32F1xx_HAL_Driver/Src/stm32f1xx_hal_rcc.o
 .debug_abbrev  0x0000000000001951      0x182 ./Drivers/STM32F1xx_HAL_Driver/Src/stm32f1xx_hal_rcc_ex.o
 .debug_abbrev  0x0000000000001ad3      0x22a ./Drivers/STM32F1xx_HAL_Driver/Src/stm32f1xx_hal_rtc.o
 .debug_abbrev  0x0000000000001cfd      0x26e ./Drivers/STM32F1xx_HAL_Driver/Src/stm32f1xx_hal_spi.o
 .debug_abbrev  0x0000000000001f6b      0x25d ./Drivers/STM32F1xx_HAL_Driver/Src/stm32f1xx_hal_tim.o
 .debug_abbrev  0x00000000000021c8      0x265 ./Drivers/STM32F1xx_HAL_Driver/Src/stm32f1xx_hal_tim_ex.o
 .debug_abbrev  0x000000000000242d      0x278 ./Drivers/STM32F1xx_HAL_Driver/Src/stm32f1xx_hal_uart.o
 .debug_abbrev  0x00000000000026a5      0x19a ./FATFS/App/fatfs.o
 .debug_abbrev  0x000000000000283f      0x20f ./FATFS/Target/user_diskio.o
 .debug_abbrev  0x0000000000002a4e      0x178 ./Middlewares/Third_Party/FatFs/src/diskio.o
 .debug_abbrev  0x0000000000002bc6      0x2cd ./Middlewares/Third_Party/FatFs/src/ff.o
 .debug_abbrev  0x0000000000002e93      0x196 ./Middlewares/Third_Party/FatFs/src/ff_gen_drv.o
 .debug_abbrev  0x0000000000003029       0xd3 ./Middlewares/Third_Party/FatFs/src/option/ccsbcs.o

.debug_aranges  0x0000000000000000     0x13c8
 .debug_aranges
                0x0000000000000000       0xc8 ./Core/Src/main.o
 .debug_aranges
                0x00000000000000c8       0x70 ./Core/Src/sd.o
 .debug_aranges
                0x0000000000000138       0x60 ./Core/Src/stm32f1xx_hal_msp.o
 .debug_aranges
                0x0000000000000198       0x98 ./Core/Src/stm32f1xx_it.o
 .debug_aranges
                0x0000000000000230       0x28 ./Core/Src/system_stm32f1xx.o
 .debug_aranges
                0x0000000000000258       0x28 ./Core/Startup/startup_stm32f103c8tx.o
 .debug_aranges
                0x0000000000000280       0xe0 ./Drivers/STM32F1xx_HAL_Driver/Src/stm32f1xx_hal.o
 .debug_aranges
                0x0000000000000360      0x100 ./Drivers/STM32F1xx_HAL_Driver/Src/stm32f1xx_hal_cortex.o
 .debug_aranges
                0x0000000000000460       0x80 ./Drivers/STM32F1xx_HAL_Driver/Src/stm32f1xx_hal_dma.o
 .debug_aranges
                0x00000000000004e0       0x58 ./Drivers/STM32F1xx_HAL_Driver/Src/stm32f1xx_hal_gpio.o
 .debug_aranges
                0x0000000000000538       0xa8 ./Drivers/STM32F1xx_HAL_Driver/Src/stm32f1xx_hal_pwr.o
 .debug_aranges
                0x00000000000005e0       0x90 ./Drivers/STM32F1xx_HAL_Driver/Src/stm32f1xx_hal_rcc.o
 .debug_aranges
                0x0000000000000670       0x30 ./Drivers/STM32F1xx_HAL_Driver/Src/stm32f1xx_hal_rcc_ex.o
 .debug_aranges
                0x00000000000006a0       0xf8 ./Drivers/STM32F1xx_HAL_Driver/Src/stm32f1xx_hal_rtc.o
 .debug_aranges
                0x0000000000000798      0x1d0 ./Drivers/STM32F1xx_HAL_Driver/Src/stm32f1xx_hal_spi.o
 .debug_aranges
                0x0000000000000968      0x3d0 ./Drivers/STM32F1xx_HAL_Driver/Src/stm32f1xx_hal_tim.o
 .debug_aranges
                0x0000000000000d38      0x168 ./Drivers/STM32F1xx_HAL_Driver/Src/stm32f1xx_hal_tim_ex.o
 .debug_aranges
                0x0000000000000ea0      0x200 ./Drivers/STM32F1xx_HAL_Driver/Src/stm32f1xx_hal_uart.o
 .debug_aranges
                0x00000000000010a0       0x28 ./FATFS/App/fatfs.o
 .debug_aranges
                0x00000000000010c8       0x40 ./FATFS/Target/user_diskio.o
 .debug_aranges
                0x0000000000001108       0x48 ./Middlewares/Third_Party/FatFs/src/diskio.o
 .debug_aranges
                0x0000000000001150      0x210 ./Middlewares/Third_Party/FatFs/src/ff.o
 .debug_aranges
                0x0000000000001360       0x40 ./Middlewares/Third_Party/FatFs/src/ff_gen_drv.o
 .debug_aranges
                0x00000000000013a0       0x28 ./Middlewares/Third_Party/FatFs/src/option/ccsbcs.o

.debug_ranges   0x0000000000000000     0x1280
 .debug_ranges  0x0000000000000000       0xb8 ./Core/Src/main.o
 .debug_ranges  0x00000000000000b8       0x60 ./Core/Src/sd.o
 .debug_ranges  0x0000000000000118       0x50 ./Core/Src/stm32f1xx_hal_msp.o
 .debug_ranges  0x0000000000000168       0x88 ./Core/Src/stm32f1xx_it.o
 .debug_ranges  0x00000000000001f0       0x18 ./Core/Src/system_stm32f1xx.o
 .debug_ranges  0x0000000000000208       0x20 ./Core/Startup/startup_stm32f103c8tx.o
 .debug_ranges  0x0000000000000228       0xd0 ./Drivers/STM32F1xx_HAL_Driver/Src/stm32f1xx_hal.o
 .debug_ranges  0x00000000000002f8       0xf0 ./Drivers/STM32F1xx_HAL_Driver/Src/stm32f1xx_hal_cortex.o
 .debug_ranges  0x00000000000003e8       0x70 ./Drivers/STM32F1xx_HAL_Driver/Src/stm32f1xx_hal_dma.o
 .debug_ranges  0x0000000000000458       0x48 ./Drivers/STM32F1xx_HAL_Driver/Src/stm32f1xx_hal_gpio.o
 .debug_ranges  0x00000000000004a0       0x98 ./Drivers/STM32F1xx_HAL_Driver/Src/stm32f1xx_hal_pwr.o
 .debug_ranges  0x0000000000000538       0x80 ./Drivers/STM32F1xx_HAL_Driver/Src/stm32f1xx_hal_rcc.o
 .debug_ranges  0x00000000000005b8       0x20 ./Drivers/STM32F1xx_HAL_Driver/Src/stm32f1xx_hal_rcc_ex.o
 .debug_ranges  0x00000000000005d8       0xe8 ./Drivers/STM32F1xx_HAL_Driver/Src/stm32f1xx_hal_rtc.o
 .debug_ranges  0x00000000000006c0      0x1c0 ./Drivers/STM32F1xx_HAL_Driver/Src/stm32f1xx_hal_spi.o
 .debug_ranges  0x0000000000000880      0x3c0 ./Drivers/STM32F1xx_HAL_Driver/Src/stm32f1xx_hal_tim.o
 .debug_ranges  0x0000000000000c40      0x158 ./Drivers/STM32F1xx_HAL_Driver/Src/stm32f1xx_hal_tim_ex.o
 .debug_ranges  0x0000000000000d98      0x220 ./Drivers/STM32F1xx_HAL_Driver/Src/stm32f1xx_hal_uart.o
 .debug_ranges  0x0000000000000fb8       0x18 ./FATFS/App/fatfs.o
 .debug_ranges  0x0000000000000fd0       0x30 ./FATFS/Target/user_diskio.o
 .debug_ranges  0x0000000000001000       0x38 ./Middlewares/Third_Party/FatFs/src/diskio.o
 .debug_ranges  0x0000000000001038      0x200 ./Middlewares/Third_Party/FatFs/src/ff.o
 .debug_ranges  0x0000000000001238       0x30 ./Middlewares/Third_Party/FatFs/src/ff_gen_drv.o
 .debug_ranges  0x0000000000001268       0x18 ./Middlewares/Third_Party/FatFs/src/option/ccsbcs.o

.debug_macro    0x0000000000000000    0x1a60a
 .debug_macro   0x0000000000000000      0x444 ./Core/Src/main.o
 .debug_macro   0x0000000000000444      0xa6c ./Core/Src/main.o
 .debug_macro   0x0000000000000eb0      0x22d ./Core/Src/main.o
 .debug_macro   0x00000000000010dd       0x2e ./Core/Src/main.o
 .debug_macro   0x000000000000110b       0x22 ./Core/Src/main.o
 .debug_macro   0x000000000000112d       0x22 ./Core/Src/main.o
 .debug_macro   0x000000000000114f       0x8e ./Core/Src/main.o
 .debug_macro   0x00000000000011dd       0x51 ./Core/Src/main.o
 .debug_macro   0x000000000000122e      0x103 ./Core/Src/main.o
 .debug_macro   0x0000000000001331       0x6a ./Core/Src/main.o
 .debug_macro   0x000000000000139b      0x1df ./Core/Src/main.o
 .debug_macro   0x000000000000157a       0x1c ./Core/Src/main.o
 .debug_macro   0x0000000000001596       0x22 ./Core/Src/main.o
 .debug_macro   0x00000000000015b8       0xbd ./Core/Src/main.o
 .debug_macro   0x0000000000001675      0xd23 ./Core/Src/main.o
 .debug_macro   0x0000000000002398     0xe09e ./Core/Src/main.o
 .debug_macro   0x0000000000010436       0x6d ./Core/Src/main.o
 .debug_macro   0x00000000000104a3     0x3468 ./Core/Src/main.o
 .debug_macro   0x000000000001390b      0x174 ./Core/Src/main.o
 .debug_macro   0x0000000000013a7f       0x5c ./Core/Src/main.o
 .debug_macro   0x0000000000013adb      0x5be ./Core/Src/main.o
 .debug_macro   0x0000000000014099      0x289 ./Core/Src/main.o
 .debug_macro   0x0000000000014322      0x1cb ./Core/Src/main.o
 .debug_macro   0x00000000000144ed      0x114 ./Core/Src/main.o
 .debug_macro   0x0000000000014601      0x1b2 ./Core/Src/main.o
 .debug_macro   0x00000000000147b3       0x27 ./Core/Src/main.o
 .debug_macro   0x00000000000147da      0x136 ./Core/Src/main.o
 .debug_macro   0x0000000000014910      0x1bc ./Core/Src/main.o
 .debug_macro   0x0000000000014acc       0x34 ./Core/Src/main.o
 .debug_macro   0x0000000000014b00       0x3c ./Core/Src/main.o
 .debug_macro   0x0000000000014b3c       0x57 ./Core/Src/main.o
 .debug_macro   0x0000000000014b93       0x88 ./Core/Src/main.o
 .debug_macro   0x0000000000014c1b      0x241 ./Core/Src/main.o
 .debug_macro   0x0000000000014e5c      0x141 ./Core/Src/main.o
 .debug_macro   0x0000000000014f9d      0x1ef ./Core/Src/main.o
 .debug_macro   0x000000000001518c       0xec ./Core/Src/main.o
 .debug_macro   0x0000000000015278      0x217 ./Core/Src/main.o
 .debug_macro   0x000000000001548f      0x8d1 ./Core/Src/main.o
 .debug_macro   0x0000000000015d60      0x279 ./Core/Src/main.o
 .debug_macro   0x0000000000015fd9       0x83 ./Core/Src/main.o
 .debug_macro   0x000000000001605c       0x10 ./Core/Src/main.o
 .debug_macro   0x000000000001606c       0xe4 ./Core/Src/main.o
 .debug_macro   0x0000000000016150       0xf5 ./Core/Src/main.o
 .debug_macro   0x0000000000016245       0x8e ./Core/Src/main.o
 .debug_macro   0x00000000000162d3       0x10 ./Core/Src/main.o
 .debug_macro   0x00000000000162e3       0x52 ./Core/Src/main.o
 .debug_macro   0x0000000000016335       0x18 ./Core/Src/main.o
 .debug_macro   0x000000000001634d       0x3c ./Core/Src/main.o
 .debug_macro   0x0000000000016389       0x34 ./Core/Src/main.o
 .debug_macro   0x00000000000163bd       0x16 ./Core/Src/main.o
 .debug_macro   0x00000000000163d3       0x43 ./Core/Src/main.o
 .debug_macro   0x0000000000016416       0x34 ./Core/Src/main.o
 .debug_macro   0x000000000001644a       0x10 ./Core/Src/main.o
 .debug_macro   0x000000000001645a       0x58 ./Core/Src/main.o
 .debug_macro   0x00000000000164b2       0x71 ./Core/Src/main.o
 .debug_macro   0x0000000000016523       0x1c ./Core/Src/main.o
 .debug_macro   0x000000000001653f      0x12a ./Core/Src/main.o
 .debug_macro   0x0000000000016669      0x341 ./Core/Src/main.o
 .debug_macro   0x00000000000169aa       0x10 ./Core/Src/main.o
 .debug_macro   0x00000000000169ba       0x35 ./Core/Src/main.o
 .debug_macro   0x00000000000169ef       0x20 ./Core/Src/main.o
 .debug_macro   0x0000000000016a0f       0x16 ./Core/Src/main.o
 .debug_macro   0x0000000000016a25       0x16 ./Core/Src/main.o
 .debug_macro   0x0000000000016a3b       0x29 ./Core/Src/main.o
 .debug_macro   0x0000000000016a64       0x1c ./Core/Src/main.o
 .debug_macro   0x0000000000016a80       0x10 ./Core/Src/main.o
 .debug_macro   0x0000000000016a90       0x10 ./Core/Src/main.o
 .debug_macro   0x0000000000016aa0       0x1c ./Core/Src/main.o
 .debug_macro   0x0000000000016abc       0x52 ./Core/Src/main.o
 .debug_macro   0x0000000000016b0e       0x22 ./Core/Src/main.o
 .debug_macro   0x0000000000016b30       0x10 ./Core/Src/main.o
 .debug_macro   0x0000000000016b40       0x52 ./Core/Src/main.o
 .debug_macro   0x0000000000016b92       0xd5 ./Core/Src/main.o
 .debug_macro   0x0000000000016c67       0x1c ./Core/Src/main.o
 .debug_macro   0x0000000000016c83       0x3d ./Core/Src/main.o
 .debug_macro   0x0000000000016cc0       0x16 ./Core/Src/main.o
 .debug_macro   0x0000000000016cd6      0x145 ./Core/Src/main.o
 .debug_macro   0x0000000000016e1b       0x46 ./Core/Src/main.o
 .debug_macro   0x0000000000016e61       0x16 ./Core/Src/main.o
 .debug_macro   0x0000000000016e77       0x10 ./Core/Src/main.o
 .debug_macro   0x0000000000016e87       0x41 ./Core/Src/main.o
 .debug_macro   0x0000000000016ec8       0x22 ./Core/Src/main.o
 .debug_macro   0x0000000000016eea       0x16 ./Core/Src/main.o
 .debug_macro   0x0000000000016f00      0x51a ./Core/Src/main.o
 .debug_macro   0x000000000001741a      0x3ce ./Core/Src/sd.o
 .debug_macro   0x00000000000177e8      0x1d0 ./Core/Src/stm32f1xx_hal_msp.o
 .debug_macro   0x00000000000179b8      0x1da ./Core/Src/stm32f1xx_it.o
 .debug_macro   0x0000000000017b92      0x1c1 ./Core/Src/system_stm32f1xx.o
 .debug_macro   0x0000000000017d53      0x1e5 ./Drivers/STM32F1xx_HAL_Driver/Src/stm32f1xx_hal.o
 .debug_macro   0x0000000000017f38      0x1c1 ./Drivers/STM32F1xx_HAL_Driver/Src/stm32f1xx_hal_cortex.o
 .debug_macro   0x00000000000180f9      0x1c1 ./Drivers/STM32F1xx_HAL_Driver/Src/stm32f1xx_hal_dma.o
 .debug_macro   0x00000000000182ba      0x22c ./Drivers/STM32F1xx_HAL_Driver/Src/stm32f1xx_hal_gpio.o
 .debug_macro   0x00000000000184e6      0x221 ./Drivers/STM32F1xx_HAL_Driver/Src/stm32f1xx_hal_pwr.o
 .debug_macro   0x0000000000018707      0x1d3 ./Drivers/STM32F1xx_HAL_Driver/Src/stm32f1xx_hal_rcc.o
 .debug_macro   0x00000000000188da      0x1c1 ./Drivers/STM32F1xx_HAL_Driver/Src/stm32f1xx_hal_rcc_ex.o
 .debug_macro   0x0000000000018a9b      0x1d0 ./Drivers/STM32F1xx_HAL_Driver/Src/stm32f1xx_hal_rtc.o
 .debug_macro   0x0000000000018c6b      0x1c9 ./Drivers/STM32F1xx_HAL_Driver/Src/stm32f1xx_hal_spi.o
 .debug_macro   0x0000000000018e34      0x1c2 ./Drivers/STM32F1xx_HAL_Driver/Src/stm32f1xx_hal_tim.o
 .debug_macro   0x0000000000018ff6      0x1c1 ./Drivers/STM32F1xx_HAL_Driver/Src/stm32f1xx_hal_tim_ex.o
 .debug_macro   0x00000000000191b7      0x1c2 ./Drivers/STM32F1xx_HAL_Driver/Src/stm32f1xx_hal_uart.o
 .debug_macro   0x0000000000019379      0x223 ./FATFS/App/fatfs.o
 .debug_macro   0x000000000001959c       0xde ./FATFS/App/fatfs.o
 .debug_macro   0x000000000001967a      0x3db ./FATFS/Target/user_diskio.o
 .debug_macro   0x0000000000019a55       0x16 ./FATFS/Target/user_diskio.o
 .debug_macro   0x0000000000019a6b       0x7c ./FATFS/Target/user_diskio.o
 .debug_macro   0x0000000000019ae7       0x56 ./FATFS/Target/user_diskio.o
 .debug_macro   0x0000000000019b3d      0x210 ./Middlewares/Third_Party/FatFs/src/diskio.o
 .debug_macro   0x0000000000019d4d      0x457 ./Middlewares/Third_Party/FatFs/src/ff.o
 .debug_macro   0x000000000001a1a4       0x58 ./Middlewares/Third_Party/FatFs/src/ff.o
 .debug_macro   0x000000000001a1fc      0x210 ./Middlewares/Third_Party/FatFs/src/ff_gen_drv.o
 .debug_macro   0x000000000001a40c      0x1fe ./Middlewares/Third_Party/FatFs/src/option/ccsbcs.o

.debug_line     0x0000000000000000    0x1766c
 .debug_line    0x0000000000000000     0x1192 ./Core/Src/main.o
 .debug_line    0x0000000000001192      0xc93 ./Core/Src/sd.o
 .debug_line    0x0000000000001e25      0x8e1 ./Core/Src/stm32f1xx_hal_msp.o
 .debug_line    0x0000000000002706      0x82c ./Core/Src/stm32f1xx_it.o
 .debug_line    0x0000000000002f32      0x740 ./Core/Src/system_stm32f1xx.o
 .debug_line    0x0000000000003672       0x87 ./Core/Startup/startup_stm32f103c8tx.o
 .debug_line    0x00000000000036f9      0x96d ./Drivers/STM32F1xx_HAL_Driver/Src/stm32f1xx_hal.o
 .debug_line    0x0000000000004066      0xb55 ./Drivers/STM32F1xx_HAL_Driver/Src/stm32f1xx_hal_cortex.o
 .debug_line    0x0000000000004bbb      0xdc5 ./Drivers/STM32F1xx_HAL_Driver/Src/stm32f1xx_hal_dma.o
 .debug_line    0x0000000000005980      0xa04 ./Drivers/STM32F1xx_HAL_Driver/Src/stm32f1xx_hal_gpio.o
 .debug_line    0x0000000000006384      0x8ef ./Drivers/STM32F1xx_HAL_Driver/Src/stm32f1xx_hal_pwr.o
 .debug_line    0x0000000000006c73      0xd7b ./Drivers/STM32F1xx_HAL_Driver/Src/stm32f1xx_hal_rcc.o
 .debug_line    0x00000000000079ee      0x8b9 ./Drivers/STM32F1xx_HAL_Driver/Src/stm32f1xx_hal_rcc_ex.o
 .debug_line    0x00000000000082a7     0x10df ./Drivers/STM32F1xx_HAL_Driver/Src/stm32f1xx_hal_rtc.o
 .debug_line    0x0000000000009386     0x1bf2 ./Drivers/STM32F1xx_HAL_Driver/Src/stm32f1xx_hal_spi.o
 .debug_line    0x000000000000af78     0x3323 ./Drivers/STM32F1xx_HAL_Driver/Src/stm32f1xx_hal_tim.o
 .debug_line    0x000000000000e29b     0x1895 ./Drivers/STM32F1xx_HAL_Driver/Src/stm32f1xx_hal_tim_ex.o
 .debug_line    0x000000000000fb30     0x1a48 ./Drivers/STM32F1xx_HAL_Driver/Src/stm32f1xx_hal_uart.o
 .debug_line    0x0000000000011578      0x75d ./FATFS/App/fatfs.o
 .debug_line    0x0000000000011cd5      0xa9d ./FATFS/Target/user_diskio.o
 .debug_line    0x0000000000012772      0x7ce ./Middlewares/Third_Party/FatFs/src/diskio.o
 .debug_line    0x0000000000012f40     0x3772 ./Middlewares/Third_Party/FatFs/src/ff.o
 .debug_line    0x00000000000166b2      0x7eb ./Middlewares/Third_Party/FatFs/src/ff_gen_drv.o
 .debug_line    0x0000000000016e9d      0x7cf ./Middlewares/Third_Party/FatFs/src/option/ccsbcs.o

.debug_str      0x0000000000000000    0x9153f
 .debug_str     0x0000000000000000    0x8cfad ./Core/Src/main.o
                                      0x8d51f (size before relaxing)
 .debug_str     0x000000000008cfad      0x176 ./Core/Src/sd.o
                                      0x8a6a4 (size before relaxing)
 .debug_str     0x000000000008d123      0x156 ./Core/Src/stm32f1xx_hal_msp.o
                                      0x86f6f (size before relaxing)
 .debug_str     0x000000000008d279      0x19b ./Core/Src/stm32f1xx_it.o
                                      0x8692e (size before relaxing)
 .debug_str     0x000000000008d414       0x7e ./Core/Src/system_stm32f1xx.o
                                      0x8612c (size before relaxing)
 .debug_str     0x000000000008d492       0x36 ./Core/Startup/startup_stm32f103c8tx.o
                                         0x70 (size before relaxing)
 .debug_str     0x000000000008d4c8      0x384 ./Drivers/STM32F1xx_HAL_Driver/Src/stm32f1xx_hal.o
                                      0x8685f (size before relaxing)
 .debug_str     0x000000000008d84c      0x294 ./Drivers/STM32F1xx_HAL_Driver/Src/stm32f1xx_hal_cortex.o
                                      0x867ab (size before relaxing)
 .debug_str     0x000000000008dae0      0x201 ./Drivers/STM32F1xx_HAL_Driver/Src/stm32f1xx_hal_dma.o
                                      0x864d5 (size before relaxing)
 .debug_str     0x000000000008dce1      0x2e1 ./Drivers/STM32F1xx_HAL_Driver/Src/stm32f1xx_hal_gpio.o
                                      0x864b2 (size before relaxing)
 .debug_str     0x000000000008dfc2      0x4ee ./Drivers/STM32F1xx_HAL_Driver/Src/stm32f1xx_hal_pwr.o
                                      0x86663 (size before relaxing)
 .debug_str     0x000000000008e4b0      0x21d ./Drivers/STM32F1xx_HAL_Driver/Src/stm32f1xx_hal_rcc.o
                                      0x8655b (size before relaxing)
 .debug_str     0x000000000008e6cd       0x9f ./Drivers/STM32F1xx_HAL_Driver/Src/stm32f1xx_hal_rcc_ex.o
                                      0x862ab (size before relaxing)
 .debug_str     0x000000000008e76c      0x312 ./Drivers/STM32F1xx_HAL_Driver/Src/stm32f1xx_hal_rtc.o
                                      0x86637 (size before relaxing)
 .debug_str     0x000000000008ea7e      0x524 ./Drivers/STM32F1xx_HAL_Driver/Src/stm32f1xx_hal_spi.o
                                      0x86a58 (size before relaxing)
 .debug_str     0x000000000008efa2      0xd9d ./Drivers/STM32F1xx_HAL_Driver/Src/stm32f1xx_hal_tim.o
                                      0x87546 (size before relaxing)
 .debug_str     0x000000000008fd3f      0x493 ./Drivers/STM32F1xx_HAL_Driver/Src/stm32f1xx_hal_tim_ex.o
                                      0x86d62 (size before relaxing)
 .debug_str     0x00000000000901d2      0x503 ./Drivers/STM32F1xx_HAL_Driver/Src/stm32f1xx_hal_uart.o
                                      0x86b66 (size before relaxing)
 .debug_str     0x00000000000906d5       0xd0 ./FATFS/App/fatfs.o
                                      0x869fe (size before relaxing)
 .debug_str     0x00000000000907a5       0x6b ./FATFS/Target/user_diskio.o
                                      0x8aa43 (size before relaxing)
 .debug_str     0x0000000000090810       0x52 ./Middlewares/Third_Party/FatFs/src/diskio.o
                                      0x86924 (size before relaxing)
 .debug_str     0x0000000000090862      0xbf9 ./Middlewares/Third_Party/FatFs/src/ff.o
                                      0x877e2 (size before relaxing)
 .debug_str     0x000000000009145b       0x91 ./Middlewares/Third_Party/FatFs/src/ff_gen_drv.o
                                      0x86975 (size before relaxing)
 .debug_str     0x00000000000914ec       0x53 ./Middlewares/Third_Party/FatFs/src/option/ccsbcs.o
                                      0x86703 (size before relaxing)

.comment        0x0000000000000000       0x50
 .comment       0x0000000000000000       0x50 ./Core/Src/main.o
                                         0x51 (size before relaxing)
 .comment       0x0000000000000050       0x51 ./Core/Src/sd.o
 .comment       0x0000000000000050       0x51 ./Core/Src/stm32f1xx_hal_msp.o
 .comment       0x0000000000000050       0x51 ./Core/Src/stm32f1xx_it.o
 .comment       0x0000000000000050       0x51 ./Core/Src/system_stm32f1xx.o
 .comment       0x0000000000000050       0x51 ./Drivers/STM32F1xx_HAL_Driver/Src/stm32f1xx_hal.o
 .comment       0x0000000000000050       0x51 ./Drivers/STM32F1xx_HAL_Driver/Src/stm32f1xx_hal_cortex.o
 .comment       0x0000000000000050       0x51 ./Drivers/STM32F1xx_HAL_Driver/Src/stm32f1xx_hal_dma.o
 .comment       0x0000000000000050       0x51 ./Drivers/STM32F1xx_HAL_Driver/Src/stm32f1xx_hal_gpio.o
 .comment       0x0000000000000050       0x51 ./Drivers/STM32F1xx_HAL_Driver/Src/stm32f1xx_hal_pwr.o
 .comment       0x0000000000000050       0x51 ./Drivers/STM32F1xx_HAL_Driver/Src/stm32f1xx_hal_rcc.o
 .comment       0x0000000000000050       0x51 ./Drivers/STM32F1xx_HAL_Driver/Src/stm32f1xx_hal_rcc_ex.o
 .comment       0x0000000000000050       0x51 ./Drivers/STM32F1xx_HAL_Driver/Src/stm32f1xx_hal_rtc.o
 .comment       0x0000000000000050       0x51 ./Drivers/STM32F1xx_HAL_Driver/Src/stm32f1xx_hal_spi.o
 .comment       0x0000000000000050       0x51 ./Drivers/STM32F1xx_HAL_Driver/Src/stm32f1xx_hal_tim.o
 .comment       0x0000000000000050       0x51 ./Drivers/STM32F1xx_HAL_Driver/Src/stm32f1xx_hal_tim_ex.o
 .comment       0x0000000000000050       0x51 ./Drivers/STM32F1xx_HAL_Driver/Src/stm32f1xx_hal_uart.o
 .comment       0x0000000000000050       0x51 ./FATFS/App/fatfs.o
 .comment       0x0000000000000050       0x51 ./FATFS/Target/user_diskio.o
 .comment       0x0000000000000050       0x51 ./Middlewares/Third_Party/FatFs/src/diskio.o
 .comment       0x0000000000000050       0x51 ./Middlewares/Third_Party/FatFs/src/ff.o
 .comment       0x0000000000000050       0x51 ./Middlewares/Third_Party/FatFs/src/ff_gen_drv.o
 .comment       0x0000000000000050       0x51 ./Middlewares/Third_Party/FatFs/src/option/ccsbcs.o

.debug_frame    0x0000000000000000     0x5248
 .debug_frame   0x0000000000000000      0x2fc ./Core/Src/main.o
 .debug_frame   0x00000000000002fc      0x190 ./Core/Src/sd.o
 .debug_frame   0x000000000000048c      0x160 ./Core/Src/stm32f1xx_hal_msp.o
 .debug_frame   0x00000000000005ec      0x1c8 ./Core/Src/stm32f1xx_it.o
 .debug_frame   0x00000000000007b4       0x58 ./Core/Src/system_stm32f1xx.o
 .debug_frame   0x000000000000080c      0x334 ./Drivers/STM32F1xx_HAL_Driver/Src/stm32f1xx_hal.o
 .debug_frame   0x0000000000000b40      0x428 ./Drivers/STM32F1xx_HAL_Driver/Src/stm32f1xx_hal_cortex.o
 .debug_frame   0x0000000000000f68      0x208 ./Drivers/STM32F1xx_HAL_Driver/Src/stm32f1xx_hal_dma.o
 .debug_frame   0x0000000000001170      0x14c ./Drivers/STM32F1xx_HAL_Driver/Src/stm32f1xx_hal_gpio.o
 .debug_frame   0x00000000000012bc      0x270 ./Drivers/STM32F1xx_HAL_Driver/Src/stm32f1xx_hal_pwr.o
 .debug_frame   0x000000000000152c      0x21c ./Drivers/STM32F1xx_HAL_Driver/Src/stm32f1xx_hal_rcc.o
 .debug_frame   0x0000000000001748       0x84 ./Drivers/STM32F1xx_HAL_Driver/Src/stm32f1xx_hal_rcc_ex.o
 .debug_frame   0x00000000000017cc      0x434 ./Drivers/STM32F1xx_HAL_Driver/Src/stm32f1xx_hal_rtc.o
 .debug_frame   0x0000000000001c00      0x824 ./Drivers/STM32F1xx_HAL_Driver/Src/stm32f1xx_hal_spi.o
 .debug_frame   0x0000000000002424     0x11b8 ./Drivers/STM32F1xx_HAL_Driver/Src/stm32f1xx_hal_tim.o
 .debug_frame   0x00000000000035dc      0x638 ./Drivers/STM32F1xx_HAL_Driver/Src/stm32f1xx_hal_tim_ex.o
 .debug_frame   0x0000000000003c14      0x914 ./Drivers/STM32F1xx_HAL_Driver/Src/stm32f1xx_hal_uart.o
 .debug_frame   0x0000000000004528       0x4c ./FATFS/App/fatfs.o
 .debug_frame   0x0000000000004574       0xc8 ./FATFS/Target/user_diskio.o
 .debug_frame   0x000000000000463c       0xec ./Middlewares/Third_Party/FatFs/src/diskio.o
 .debug_frame   0x0000000000004728      0x9ac ./Middlewares/Third_Party/FatFs/src/ff.o
 .debug_frame   0x00000000000050d4       0xc8 ./Middlewares/Third_Party/FatFs/src/ff_gen_drv.o
 .debug_frame   0x000000000000519c       0x60 ./Middlewares/Third_Party/FatFs/src/option/ccsbcs.o
 .debug_frame   0x00000000000051fc       0x2c d:/st/stm32cubeide_1.12.0/stm32cubeide/plugins/com.st.stm32cube.ide.mcu.externaltools.gnu-tools-for-stm32.10.3-2021.10.win32_1.0.200.202301161003/tools/bin/../lib/gcc/arm-none-eabi/10.3.1/../../../../arm-none-eabi/lib/thumb/v7-m/nofp\libc_nano.a(lib_a-init.o)
 .debug_frame   0x0000000000005228       0x20 d:/st/stm32cubeide_1.12.0/stm32cubeide/plugins/com.st.stm32cube.ide.mcu.externaltools.gnu-tools-for-stm32.10.3-2021.10.win32_1.0.200.202301161003/tools/bin/../lib/gcc/arm-none-eabi/10.3.1/../../../../arm-none-eabi/lib/thumb/v7-m/nofp\libc_nano.a(lib_a-memset.o)
