../Core/Src/main.c:126:9:ReadLongFile	24	static
../Core/Src/main.c:169:6:rewrite	16	static
../Core/Src/main.c:226:6:CreateNewFile	16	static
../Core/Src/main.c:252:6:ReadDir	16	static
../Core/Src/main.c:305:6:send_file_over_uart2	5264	static
../Core/Src/main.c:356:6:fileTransfer	1080	static
../Core/Src/main.c:453:6:waitedRewrite	8	static
../Core/Src/main.c:473:5:main	8	static
../Core/Src/main.c:585:6:HAL_UART_RxCpltCallback	40	static
../Core/Src/main.c:681:6:SystemClock_Config	88	static
../Core/Src/main.c:729:13:MX_RTC_Init	16	static
../Core/Src/main.c:787:13:MX_SPI2_Init	8	static
../Core/Src/main.c:825:13:MX_TIM2_Init	32	static
../Core/Src/main.c:870:13:MX_USART1_UART_Init	8	static
../Core/Src/main.c:903:13:MX_USART2_UART_Init	8	static
../Core/Src/main.c:936:13:MX_USART3_UART_Init	8	static
../Core/Src/main.c:967:13:MX_DMA_Init	16	static
../Core/Src/main.c:994:13:MX_GPIO_Init	40	static
../Core/Src/main.c:1038:6:HAL_TIM_PeriodElapsedCallback	16	static
../Core/Src/main.c:1046:6:HAL_UART_IDLE_Callback	24	static
../Core/Src/main.c:1068:6:HAL_UART_ErrorCallback	40	static
../Core/Src/main.c:1125:6:Error_Handler	4	static,ignoring_inline_asm
